<?xml version="1.0" encoding="ISO-8859-1" ?>
<link_info>
   <banner>TI ARM Linker PC v18.1.1.LTS</banner>
   <copyright>Copyright (c) 1996-2017 Texas Instruments Incorporated</copyright>
   <link_time>0x5af38517</link_time>
   <link_errors>0x0</link_errors>
   <output_file>AudioVisualizerV3.out</output_file>
   <entry_point>
      <name>_c_int00_noargs</name>
      <address>0x34f89</address>
   </entry_point>
   <input_file_list>
      <input_file id="fl-2">
         <path>.\</path>
         <kind>object</kind>
         <file>circBuf.obj</file>
         <name>circBuf.obj</name>
      </input_file>
      <input_file id="fl-3">
         <path>.\</path>
         <kind>object</kind>
         <file>main.obj</file>
         <name>main.obj</name>
      </input_file>
      <input_file id="fl-4">
         <path>.\</path>
         <kind>object</kind>
         <file>msp432_startup_ccs.obj</file>
         <name>msp432_startup_ccs.obj</name>
      </input_file>
      <input_file id="fl-5">
         <path>.\</path>
         <kind>object</kind>
         <file>periph_config.obj</file>
         <name>periph_config.obj</name>
      </input_file>
      <input_file id="fl-6">
         <path>.\driverlib\MSP432P4xx\</path>
         <kind>object</kind>
         <file>adc14.obj</file>
         <name>adc14.obj</name>
      </input_file>
      <input_file id="fl-7">
         <path>.\driverlib\MSP432P4xx\</path>
         <kind>object</kind>
         <file>aes256.obj</file>
         <name>aes256.obj</name>
      </input_file>
      <input_file id="fl-8">
         <path>.\driverlib\MSP432P4xx\</path>
         <kind>object</kind>
         <file>comp_e.obj</file>
         <name>comp_e.obj</name>
      </input_file>
      <input_file id="fl-9">
         <path>.\driverlib\MSP432P4xx\</path>
         <kind>object</kind>
         <file>cpu.obj</file>
         <name>cpu.obj</name>
      </input_file>
      <input_file id="fl-a">
         <path>.\driverlib\MSP432P4xx\</path>
         <kind>object</kind>
         <file>crc32.obj</file>
         <name>crc32.obj</name>
      </input_file>
      <input_file id="fl-b">
         <path>.\driverlib\MSP432P4xx\</path>
         <kind>object</kind>
         <file>cs.obj</file>
         <name>cs.obj</name>
      </input_file>
      <input_file id="fl-c">
         <path>.\driverlib\MSP432P4xx\</path>
         <kind>object</kind>
         <file>dma.obj</file>
         <name>dma.obj</name>
      </input_file>
      <input_file id="fl-d">
         <path>.\driverlib\MSP432P4xx\</path>
         <kind>object</kind>
         <file>flash.obj</file>
         <name>flash.obj</name>
      </input_file>
      <input_file id="fl-e">
         <path>.\driverlib\MSP432P4xx\</path>
         <kind>object</kind>
         <file>fpu.obj</file>
         <name>fpu.obj</name>
      </input_file>
      <input_file id="fl-f">
         <path>.\driverlib\MSP432P4xx\</path>
         <kind>object</kind>
         <file>gpio.obj</file>
         <name>gpio.obj</name>
      </input_file>
      <input_file id="fl-10">
         <path>.\driverlib\MSP432P4xx\</path>
         <kind>object</kind>
         <file>i2c.obj</file>
         <name>i2c.obj</name>
      </input_file>
      <input_file id="fl-11">
         <path>.\driverlib\MSP432P4xx\</path>
         <kind>object</kind>
         <file>interrupt.obj</file>
         <name>interrupt.obj</name>
      </input_file>
      <input_file id="fl-12">
         <path>.\driverlib\MSP432P4xx\</path>
         <kind>object</kind>
         <file>mpu.obj</file>
         <name>mpu.obj</name>
      </input_file>
      <input_file id="fl-13">
         <path>.\driverlib\MSP432P4xx\</path>
         <kind>object</kind>
         <file>pcm.obj</file>
         <name>pcm.obj</name>
      </input_file>
      <input_file id="fl-14">
         <path>.\driverlib\MSP432P4xx\</path>
         <kind>object</kind>
         <file>pmap.obj</file>
         <name>pmap.obj</name>
      </input_file>
      <input_file id="fl-15">
         <path>.\driverlib\MSP432P4xx\</path>
         <kind>object</kind>
         <file>pss.obj</file>
         <name>pss.obj</name>
      </input_file>
      <input_file id="fl-16">
         <path>.\driverlib\MSP432P4xx\</path>
         <kind>object</kind>
         <file>ref_a.obj</file>
         <name>ref_a.obj</name>
      </input_file>
      <input_file id="fl-17">
         <path>.\driverlib\MSP432P4xx\</path>
         <kind>object</kind>
         <file>reset.obj</file>
         <name>reset.obj</name>
      </input_file>
      <input_file id="fl-18">
         <path>.\driverlib\MSP432P4xx\</path>
         <kind>object</kind>
         <file>rtc_c.obj</file>
         <name>rtc_c.obj</name>
      </input_file>
      <input_file id="fl-19">
         <path>.\driverlib\MSP432P4xx\</path>
         <kind>object</kind>
         <file>spi.obj</file>
         <name>spi.obj</name>
      </input_file>
      <input_file id="fl-1a">
         <path>.\driverlib\MSP432P4xx\</path>
         <kind>object</kind>
         <file>sysctl.obj</file>
         <name>sysctl.obj</name>
      </input_file>
      <input_file id="fl-1b">
         <path>.\driverlib\MSP432P4xx\</path>
         <kind>object</kind>
         <file>systick.obj</file>
         <name>systick.obj</name>
      </input_file>
      <input_file id="fl-1c">
         <path>.\driverlib\MSP432P4xx\</path>
         <kind>object</kind>
         <file>timer32.obj</file>
         <name>timer32.obj</name>
      </input_file>
      <input_file id="fl-1d">
         <path>.\driverlib\MSP432P4xx\</path>
         <kind>object</kind>
         <file>timer_a.obj</file>
         <name>timer_a.obj</name>
      </input_file>
      <input_file id="fl-1e">
         <path>.\driverlib\MSP432P4xx\</path>
         <kind>object</kind>
         <file>uart.obj</file>
         <name>uart.obj</name>
      </input_file>
      <input_file id="fl-1f">
         <path>.\driverlib\MSP432P4xx\</path>
         <kind>object</kind>
         <file>wdt_a.obj</file>
         <name>wdt_a.obj</name>
      </input_file>
      <input_file id="fl-28">
         <kind>object</kind>
         <file>&lt;internal&gt;</file>
         <name>&lt;internal&gt;</name>
      </input_file>
      <input_file id="fl-29">
         <path>..\</path>
         <kind>archive</kind>
         <file>dsplib-msp432.lib</file>
         <name>arm_rfft_init_q15.obj</name>
      </input_file>
      <input_file id="fl-2a">
         <path>..\</path>
         <kind>archive</kind>
         <file>dsplib-msp432.lib</file>
         <name>arm_rfft_q15.obj</name>
      </input_file>
      <input_file id="fl-2b">
         <path>..\</path>
         <kind>archive</kind>
         <file>dsplib-msp432.lib</file>
         <name>arm_max_q15.obj</name>
      </input_file>
      <input_file id="fl-2c">
         <path>..\</path>
         <kind>archive</kind>
         <file>dsplib-msp432.lib</file>
         <name>arm_const_structs.obj</name>
      </input_file>
      <input_file id="fl-2d">
         <path>..\</path>
         <kind>archive</kind>
         <file>dsplib-msp432.lib</file>
         <name>arm_cfft_q15.obj</name>
      </input_file>
      <input_file id="fl-2e">
         <path>..\</path>
         <kind>archive</kind>
         <file>dsplib-msp432.lib</file>
         <name>arm_cfft_radix4_q15.obj</name>
      </input_file>
      <input_file id="fl-2f">
         <path>..\</path>
         <kind>archive</kind>
         <file>dsplib-msp432.lib</file>
         <name>arm_common_tables.obj</name>
      </input_file>
      <input_file id="fl-30">
         <path>..\</path>
         <kind>archive</kind>
         <file>dsplib-msp432.lib</file>
         <name>arm_bitreversal.obj</name>
      </input_file>
      <input_file id="fl-31">
         <path>..\</path>
         <kind>archive</kind>
         <file>dsplib-msp432.lib</file>
         <name>arm_bitreversal2.obj</name>
      </input_file>
      <input_file id="fl-e7">
         <path>C:\ti\ccsv8\tools\compiler\ti-cgt-arm_18.1.1.LTS\lib\</path>
         <kind>archive</kind>
         <file>rtsv7M4_T_le_v4SPD16_eabi.lib</file>
         <name>e_sqrtf.c.obj</name>
      </input_file>
      <input_file id="fl-e8">
         <path>C:\ti\ccsv8\tools\compiler\ti-cgt-arm_18.1.1.LTS\lib\</path>
         <kind>archive</kind>
         <file>rtsv7M4_T_le_v4SPD16_eabi.lib</file>
         <name>s_cosf.c.obj</name>
      </input_file>
      <input_file id="fl-e9">
         <path>C:\ti\ccsv8\tools\compiler\ti-cgt-arm_18.1.1.LTS\lib\</path>
         <kind>archive</kind>
         <file>rtsv7M4_T_le_v4SPD16_eabi.lib</file>
         <name>fd_add_t2.asm.obj</name>
      </input_file>
      <input_file id="fl-ea">
         <path>C:\ti\ccsv8\tools\compiler\ti-cgt-arm_18.1.1.LTS\lib\</path>
         <kind>archive</kind>
         <file>rtsv7M4_T_le_v4SPD16_eabi.lib</file>
         <name>fd_mul_t2.asm.obj</name>
      </input_file>
      <input_file id="fl-eb">
         <path>C:\ti\ccsv8\tools\compiler\ti-cgt-arm_18.1.1.LTS\lib\</path>
         <kind>archive</kind>
         <file>rtsv7M4_T_le_v4SPD16_eabi.lib</file>
         <name>fd_tos_t2.asm.obj</name>
      </input_file>
      <input_file id="fl-ec">
         <path>C:\ti\ccsv8\tools\compiler\ti-cgt-arm_18.1.1.LTS\lib\</path>
         <kind>archive</kind>
         <file>rtsv7M4_T_le_v4SPD16_eabi.lib</file>
         <name>fs_tod_t2.asm.obj</name>
      </input_file>
      <input_file id="fl-ed">
         <path>C:\ti\ccsv8\tools\compiler\ti-cgt-arm_18.1.1.LTS\lib\</path>
         <kind>archive</kind>
         <file>rtsv7M4_T_le_v4SPD16_eabi.lib</file>
         <name>u_tofd_t2.asm.obj</name>
      </input_file>
      <input_file id="fl-ee">
         <path>C:\ti\ccsv8\tools\compiler\ti-cgt-arm_18.1.1.LTS\lib\</path>
         <kind>archive</kind>
         <file>rtsv7M4_T_le_v4SPD16_eabi.lib</file>
         <name>copy_zero_init.c.obj</name>
      </input_file>
      <input_file id="fl-ef">
         <path>C:\ti\ccsv8\tools\compiler\ti-cgt-arm_18.1.1.LTS\lib\</path>
         <kind>archive</kind>
         <file>rtsv7M4_T_le_v4SPD16_eabi.lib</file>
         <name>copy_decompress_none.c.obj</name>
      </input_file>
      <input_file id="fl-f0">
         <path>C:\ti\ccsv8\tools\compiler\ti-cgt-arm_18.1.1.LTS\lib\</path>
         <kind>archive</kind>
         <file>rtsv7M4_T_le_v4SPD16_eabi.lib</file>
         <name>copy_decompress_lzss.c.obj</name>
      </input_file>
      <input_file id="fl-f1">
         <path>C:\ti\ccsv8\tools\compiler\ti-cgt-arm_18.1.1.LTS\lib\</path>
         <kind>archive</kind>
         <file>rtsv7M4_T_le_v4SPD16_eabi.lib</file>
         <name>boot_cortex_m.c.obj</name>
      </input_file>
      <input_file id="fl-f2">
         <path>C:\ti\ccsv8\tools\compiler\ti-cgt-arm_18.1.1.LTS\lib\</path>
         <kind>archive</kind>
         <file>rtsv7M4_T_le_v4SPD16_eabi.lib</file>
         <name>errno.c.obj</name>
      </input_file>
      <input_file id="fl-f3">
         <path>C:\ti\ccsv8\tools\compiler\ti-cgt-arm_18.1.1.LTS\lib\</path>
         <kind>archive</kind>
         <file>rtsv7M4_T_le_v4SPD16_eabi.lib</file>
         <name>exit.c.obj</name>
      </input_file>
      <input_file id="fl-f4">
         <path>C:\ti\ccsv8\tools\compiler\ti-cgt-arm_18.1.1.LTS\lib\</path>
         <kind>archive</kind>
         <file>rtsv7M4_T_le_v4SPD16_eabi.lib</file>
         <name>memory.c.obj</name>
      </input_file>
      <input_file id="fl-f5">
         <path>C:\ti\ccsv8\tools\compiler\ti-cgt-arm_18.1.1.LTS\lib\</path>
         <kind>archive</kind>
         <file>rtsv7M4_T_le_v4SPD16_eabi.lib</file>
         <name>_lock.c.obj</name>
      </input_file>
      <input_file id="fl-f6">
         <path>C:\ti\ccsv8\tools\compiler\ti-cgt-arm_18.1.1.LTS\lib\</path>
         <kind>archive</kind>
         <file>rtsv7M4_T_le_v4SPD16_eabi.lib</file>
         <name>args_main.c.obj</name>
      </input_file>
      <input_file id="fl-f7">
         <path>C:\ti\ccsv8\tools\compiler\ti-cgt-arm_18.1.1.LTS\lib\</path>
         <kind>archive</kind>
         <file>rtsv7M4_T_le_v4SPD16_eabi.lib</file>
         <name>memcpy_t2.asm.obj</name>
      </input_file>
      <input_file id="fl-f8">
         <path>C:\ti\ccsv8\tools\compiler\ti-cgt-arm_18.1.1.LTS\lib\</path>
         <kind>archive</kind>
         <file>rtsv7M4_T_le_v4SPD16_eabi.lib</file>
         <name>memset_t2.asm.obj</name>
      </input_file>
      <input_file id="fl-f9">
         <path>C:\ti\ccsv8\tools\compiler\ti-cgt-arm_18.1.1.LTS\lib\</path>
         <kind>archive</kind>
         <file>rtsv7M4_T_le_v4SPD16_eabi.lib</file>
         <name>autoinit.c.obj</name>
      </input_file>
      <input_file id="fl-fa">
         <path>C:\ti\ccsv8\tools\compiler\ti-cgt-arm_18.1.1.LTS\lib\</path>
         <kind>archive</kind>
         <file>rtsv7M4_T_le_v4SPD16_eabi.lib</file>
         <name>pre_init.c.obj</name>
      </input_file>
      <input_file id="fl-fb">
         <path>C:\ti\ccsv8\tools\compiler\ti-cgt-arm_18.1.1.LTS\lib\</path>
         <kind>archive</kind>
         <file>rtsv7M4_T_le_v4SPD16_eabi.lib</file>
         <name>cpy_tbl.c.obj</name>
      </input_file>
   </input_file_list>
   <object_component_list>
      <object_component id="oc-10">
         <name>.intvecs</name>
         <load_address>0x0</load_address>
         <run_address>0x0</run_address>
         <size>0x144</size>
         <input_file_ref idref="fl-4"/>
      </object_component>
      <object_component id="oc-2ee">
         <name>.text:arm_radix4_butterfly_inverse_q15</name>
         <load_address>0x334d8</load_address>
         <run_address>0x334d8</run_address>
         <size>0x33c</size>
         <input_file_ref idref="fl-2e"/>
      </object_component>
      <object_component id="oc-2e2">
         <name>.text:arm_radix4_butterfly_q15</name>
         <load_address>0x33814</load_address>
         <run_address>0x33814</run_address>
         <size>0x33c</size>
         <input_file_ref idref="fl-2e"/>
      </object_component>
      <object_component id="oc-de">
         <name>.text:main</name>
         <load_address>0x33b50</load_address>
         <run_address>0x33b50</run_address>
         <size>0x240</size>
         <input_file_ref idref="fl-3"/>
      </object_component>
      <object_component id="oc-14c">
         <name>.text</name>
         <load_address>0x33d90</load_address>
         <run_address>0x33d90</run_address>
         <size>0x1b6</size>
         <input_file_ref idref="fl-e9"/>
      </object_component>
      <object_component id="oc-241">
         <name>.text:__PCM_setPowerStateAdvanced</name>
         <load_address>0x33f46</load_address>
         <run_address>0x33f46</run_address>
         <size>0x18a</size>
         <input_file_ref idref="fl-13"/>
      </object_component>
      <object_component id="oc-93">
         <name>.text</name>
         <load_address>0x340d0</load_address>
         <run_address>0x340d0</run_address>
         <size>0xfc</size>
         <input_file_ref idref="fl-ea"/>
      </object_component>
      <object_component id="oc-35a">
         <name>.text:__PCM_setPowerModeAdvanced</name>
         <load_address>0x341cc</load_address>
         <run_address>0x341cc</run_address>
         <size>0xe4</size>
         <input_file_ref idref="fl-13"/>
      </object_component>
      <object_component id="oc-1d5">
         <name>.text:CS_initClockSignal</name>
         <load_address>0x342b0</load_address>
         <run_address>0x342b0</run_address>
         <size>0xe0</size>
         <input_file_ref idref="fl-b"/>
      </object_component>
      <object_component id="oc-206">
         <name>.text:arm_split_rfft_q15</name>
         <load_address>0x34390</load_address>
         <run_address>0x34390</run_address>
         <size>0xdc</size>
         <input_file_ref idref="fl-2a"/>
      </object_component>
      <object_component id="oc-151">
         <name>.text:arm_rfft_init_q15</name>
         <load_address>0x3446c</load_address>
         <run_address>0x3446c</run_address>
         <size>0xc4</size>
         <input_file_ref idref="fl-29"/>
      </object_component>
      <object_component id="oc-2fa">
         <name>.text</name>
         <load_address>0x34530</load_address>
         <run_address>0x34530</run_address>
         <size>0xc0</size>
         <input_file_ref idref="fl-31"/>
      </object_component>
      <object_component id="oc-200">
         <name>.text:arm_cfft_q15</name>
         <load_address>0x345f0</load_address>
         <run_address>0x345f0</run_address>
         <size>0xba</size>
         <input_file_ref idref="fl-2d"/>
      </object_component>
      <object_component id="oc-3a">
         <name>.text:defaultISR</name>
         <load_address>0x346aa</load_address>
         <run_address>0x346aa</run_address>
         <size>0x2</size>
         <input_file_ref idref="fl-4"/>
      </object_component>
      <object_component id="oc-141">
         <name>.text:cosf</name>
         <load_address>0x346ac</load_address>
         <run_address>0x346ac</run_address>
         <size>0xb4</size>
         <input_file_ref idref="fl-e8"/>
      </object_component>
      <object_component id="oc-23a">
         <name>.text:__PCM_setCoreVoltageLevelAdvanced</name>
         <load_address>0x34760</load_address>
         <run_address>0x34760</run_address>
         <size>0xb0</size>
         <input_file_ref idref="fl-13"/>
      </object_component>
      <object_component id="oc-40">
         <name>.text:ADC14_IRQHandler</name>
         <load_address>0x34810</load_address>
         <run_address>0x34810</run_address>
         <size>0xa8</size>
         <input_file_ref idref="fl-3"/>
      </object_component>
      <object_component id="oc-2f4">
         <name>.text:arm_cfft_radix4by2_inverse_q15</name>
         <load_address>0x348b8</load_address>
         <run_address>0x348b8</run_address>
         <size>0xa4</size>
         <input_file_ref idref="fl-2d"/>
      </object_component>
      <object_component id="oc-2e8">
         <name>.text:arm_cfft_radix4by2_q15</name>
         <load_address>0x3495c</load_address>
         <run_address>0x3495c</run_address>
         <size>0xa4</size>
         <input_file_ref idref="fl-2d"/>
      </object_component>
      <object_component id="oc-54">
         <name>.text</name>
         <load_address>0x34a00</load_address>
         <run_address>0x34a00</run_address>
         <size>0x9c</size>
         <input_file_ref idref="fl-f7"/>
      </object_component>
      <object_component id="oc-13b">
         <name>.text:configureADC</name>
         <load_address>0x34a9c</load_address>
         <run_address>0x34a9c</run_address>
         <size>0x84</size>
         <input_file_ref idref="fl-5"/>
      </object_component>
      <object_component id="oc-1fa">
         <name>.text:arm_split_rifft_q15</name>
         <load_address>0x34b20</load_address>
         <run_address>0x34b20</run_address>
         <size>0x7e</size>
         <input_file_ref idref="fl-2a"/>
      </object_component>
      <object_component id="oc-163">
         <name>.text:arm_max_q15</name>
         <load_address>0x34b9e</load_address>
         <run_address>0x34b9e</run_address>
         <size>0x7a</size>
         <input_file_ref idref="fl-2b"/>
      </object_component>
      <object_component id="oc-d2">
         <name>.text</name>
         <load_address>0x34c18</load_address>
         <run_address>0x34c18</run_address>
         <size>0x7a</size>
         <input_file_ref idref="fl-f8"/>
      </object_component>
      <object_component id="oc-34">
         <name>.text:faultISR</name>
         <load_address>0x34c92</load_address>
         <run_address>0x34c92</run_address>
         <size>0x2</size>
         <input_file_ref idref="fl-4"/>
      </object_component>
      <object_component id="oc-348">
         <name>.text:PCM_gotoLPM3</name>
         <load_address>0x34c94</load_address>
         <run_address>0x34c94</run_address>
         <size>0x78</size>
         <input_file_ref idref="fl-13"/>
      </object_component>
      <object_component id="oc-98">
         <name>.text</name>
         <load_address>0x34d0c</load_address>
         <run_address>0x34d0c</run_address>
         <size>0x6e</size>
         <input_file_ref idref="fl-eb"/>
      </object_component>
      <object_component id="oc-157">
         <name>.text:arm_rfft_q15</name>
         <load_address>0x34d7a</load_address>
         <run_address>0x34d7a</run_address>
         <size>0x6c</size>
         <input_file_ref idref="fl-2a"/>
      </object_component>
      <object_component id="oc-13">
         <name>.text:decompress:lzss:__TI_decompress_lzss</name>
         <load_address>0x34de6</load_address>
         <run_address>0x34de6</run_address>
         <size>0x68</size>
         <input_file_ref idref="fl-f0"/>
      </object_component>
      <object_component id="oc-12f">
         <name>.text:configureClocks</name>
         <load_address>0x34e4e</load_address>
         <run_address>0x34e4e</run_address>
         <size>0x54</size>
         <input_file_ref idref="fl-5"/>
      </object_component>
      <object_component id="oc-2e">
         <name>.text:nmiISR</name>
         <load_address>0x34ea2</load_address>
         <run_address>0x34ea2</run_address>
         <size>0x2</size>
         <input_file_ref idref="fl-4"/>
      </object_component>
      <object_component id="oc-135">
         <name>.text:GPIO_setAsPeripheralModuleFunctionInputPin</name>
         <load_address>0x34ea4</load_address>
         <run_address>0x34ea4</run_address>
         <size>0x50</size>
         <input_file_ref idref="fl-f"/>
      </object_component>
      <object_component id="oc-354">
         <name>.text:PCM_shutdownDevice</name>
         <load_address>0x34ef4</load_address>
         <run_address>0x34ef4</run_address>
         <size>0x50</size>
         <input_file_ref idref="fl-13"/>
      </object_component>
      <object_component id="oc-17f">
         <name>.text:__TI_auto_init_nobinit_nopinit:__TI_auto_init_nobinit_nopinit</name>
         <load_address>0x34f44</load_address>
         <run_address>0x34f44</run_address>
         <size>0x44</size>
         <input_file_ref idref="fl-f9"/>
      </object_component>
      <object_component id="oc-72">
         <name>.text:_c_int00_noargs:_c_int00_noargs</name>
         <load_address>0x34f88</load_address>
         <run_address>0x34f88</run_address>
         <size>0x38</size>
         <input_file_ref idref="fl-f1"/>
      </object_component>
      <object_component id="oc-147">
         <name>.text</name>
         <load_address>0x34fc0</load_address>
         <run_address>0x34fc0</run_address>
         <size>0x38</size>
         <input_file_ref idref="fl-ec"/>
      </object_component>
      <object_component id="oc-334">
         <name>.text:PCM_getCoreVoltageLevel</name>
         <load_address>0x34ff8</load_address>
         <run_address>0x34ff8</run_address>
         <size>0x2c</size>
         <input_file_ref idref="fl-13"/>
      </object_component>
      <object_component id="oc-32e">
         <name>.text:PCM_getPowerMode</name>
         <load_address>0x35024</load_address>
         <run_address>0x35024</run_address>
         <size>0x2a</size>
         <input_file_ref idref="fl-13"/>
      </object_component>
      <object_component id="oc-1c9">
         <name>.text:FlashCtl_setWaitState</name>
         <load_address>0x35050</load_address>
         <run_address>0x35050</run_address>
         <size>0x28</size>
         <input_file_ref idref="fl-d"/>
      </object_component>
      <object_component id="oc-360">
         <name>.text:PCM_gotoLPM0</name>
         <load_address>0x35078</load_address>
         <run_address>0x35078</run_address>
         <size>0x28</size>
         <input_file_ref idref="fl-13"/>
      </object_component>
      <object_component id="oc-15d">
         <name>.text:sqrtf</name>
         <load_address>0x350a0</load_address>
         <run_address>0x350a0</run_address>
         <size>0x28</size>
         <input_file_ref idref="fl-e7"/>
      </object_component>
      <object_component id="oc-1cf">
         <name>.text:CS_setDCOCenteredFrequency</name>
         <load_address>0x350c8</load_address>
         <run_address>0x350c8</run_address>
         <size>0x24</size>
         <input_file_ref idref="fl-b"/>
      </object_component>
      <object_component id="oc-3fb">
         <name>.text:RTC_C_holdClock</name>
         <load_address>0x350ec</load_address>
         <run_address>0x350ec</run_address>
         <size>0x24</size>
         <input_file_ref idref="fl-18"/>
      </object_component>
      <object_component id="oc-8e">
         <name>.text</name>
         <load_address>0x35110</load_address>
         <run_address>0x35110</run_address>
         <size>0x20</size>
         <input_file_ref idref="fl-ed"/>
      </object_component>
      <object_component id="oc-3f5">
         <name>.text:WDT_A_holdTimer</name>
         <load_address>0x35130</load_address>
         <run_address>0x35130</run_address>
         <size>0x18</size>
         <input_file_ref idref="fl-1f"/>
      </object_component>
      <object_component id="oc-28">
         <name>.text:resetISR</name>
         <load_address>0x35148</load_address>
         <run_address>0x35148</run_address>
         <size>0x14</size>
         <input_file_ref idref="fl-4"/>
      </object_component>
      <object_component id="oc-34e">
         <name>.text:PCM_gotoLPM4</name>
         <load_address>0x3515c</load_address>
         <run_address>0x3515c</run_address>
         <size>0x10</size>
         <input_file_ref idref="fl-13"/>
      </object_component>
      <object_component id="oc-19">
         <name>.text:decompress:none:__TI_decompress_none</name>
         <load_address>0x3516c</load_address>
         <run_address>0x3516c</run_address>
         <size>0xe</size>
         <input_file_ref idref="fl-ef"/>
      </object_component>
      <object_component id="oc-33a">
         <name>.text:PCM_getPowerState</name>
         <load_address>0x3517c</load_address>
         <run_address>0x3517c</run_address>
         <size>0xc</size>
         <input_file_ref idref="fl-13"/>
      </object_component>
      <object_component id="oc-66">
         <name>.text:decompress:ZI:__TI_zero_init</name>
         <load_address>0x35188</load_address>
         <run_address>0x35188</run_address>
         <size>0xc</size>
         <input_file_ref idref="fl-ee"/>
      </object_component>
      <object_component id="oc-1bd">
         <name>.text:PCM_setCoreVoltageLevel</name>
         <load_address>0x35194</load_address>
         <run_address>0x35194</run_address>
         <size>0x8</size>
         <input_file_ref idref="fl-13"/>
      </object_component>
      <object_component id="oc-340">
         <name>.text:PCM_setPowerMode</name>
         <load_address>0x3519c</load_address>
         <run_address>0x3519c</run_address>
         <size>0x8</size>
         <input_file_ref idref="fl-13"/>
      </object_component>
      <object_component id="oc-1c3">
         <name>.text:PCM_setPowerState</name>
         <load_address>0x351a4</load_address>
         <run_address>0x351a4</run_address>
         <size>0x8</size>
         <input_file_ref idref="fl-13"/>
      </object_component>
      <object_component id="oc-20e">
         <name>.text:__aeabi_errno_addr</name>
         <load_address>0x351ac</load_address>
         <run_address>0x351ac</run_address>
         <size>0x8</size>
         <input_file_ref idref="fl-f2"/>
      </object_component>
      <object_component id="oc-3ee">
         <name>.text:CPU_wfi</name>
         <load_address>0x351b4</load_address>
         <run_address>0x351b4</run_address>
         <size>0x4</size>
         <input_file_ref idref="fl-9"/>
      </object_component>
      <object_component id="oc-d8">
         <name>.text:_system_pre_init</name>
         <load_address>0x351b8</load_address>
         <run_address>0x351b8</run_address>
         <size>0x4</size>
         <input_file_ref idref="fl-fa"/>
      </object_component>
      <object_component id="oc-173">
         <name>.text:abort:abort</name>
         <load_address>0x351bc</load_address>
         <run_address>0x351bc</run_address>
         <size>0x4</size>
         <input_file_ref idref="fl-f3"/>
      </object_component>
      <object_component id="oc-285">
         <name>.const:twiddleCoef_4096</name>
         <load_address>0x144</load_address>
         <run_address>0x144</run_address>
         <size>0x8000</size>
         <input_file_ref idref="fl-2f"/>
      </object_component>
      <object_component id="oc-2bb">
         <name>.const:twiddleCoef_4096_q31</name>
         <load_address>0x8144</load_address>
         <run_address>0x8144</run_address>
         <size>0x6000</size>
         <input_file_ref idref="fl-2f"/>
      </object_component>
      <object_component id="oc-1e5">
         <name>.const:realCoefAQ15</name>
         <load_address>0xe144</load_address>
         <run_address>0xe144</run_address>
         <size>0x4000</size>
         <input_file_ref idref="fl-29"/>
      </object_component>
      <object_component id="oc-1e8">
         <name>.const:realCoefBQ15</name>
         <load_address>0x12144</load_address>
         <run_address>0x12144</run_address>
         <size>0x4000</size>
         <input_file_ref idref="fl-29"/>
      </object_component>
      <object_component id="oc-27f">
         <name>.const:twiddleCoef_2048</name>
         <load_address>0x16144</load_address>
         <run_address>0x16144</run_address>
         <size>0x4000</size>
         <input_file_ref idref="fl-2f"/>
      </object_component>
      <object_component id="oc-2b5">
         <name>.const:twiddleCoef_2048_q31</name>
         <load_address>0x1a144</load_address>
         <run_address>0x1a144</run_address>
         <size>0x3000</size>
         <input_file_ref idref="fl-2f"/>
      </object_component>
      <object_component id="oc-2d9">
         <name>.const:twiddleCoef_4096_q15</name>
         <load_address>0x1d144</load_address>
         <run_address>0x1d144</run_address>
         <size>0x3000</size>
         <input_file_ref idref="fl-2f"/>
      </object_component>
      <object_component id="oc-279">
         <name>.const:twiddleCoef_1024</name>
         <load_address>0x20144</load_address>
         <run_address>0x20144</run_address>
         <size>0x2000</size>
         <input_file_ref idref="fl-2f"/>
      </object_component>
      <object_component id="oc-288">
         <name>.const:armBitRevIndexTable4096</name>
         <load_address>0x22144</load_address>
         <run_address>0x22144</run_address>
         <size>0x1f80</size>
         <input_file_ref idref="fl-2f"/>
      </object_component>
      <object_component id="oc-2be">
         <name>.const:armBitRevIndexTable_fixed_4096</name>
         <load_address>0x240c4</load_address>
         <run_address>0x240c4</run_address>
         <size>0x1f80</size>
         <input_file_ref idref="fl-2f"/>
      </object_component>
      <object_component id="oc-282">
         <name>.const:armBitRevIndexTable2048</name>
         <load_address>0x26044</load_address>
         <run_address>0x26044</run_address>
         <size>0x1dc0</size>
         <input_file_ref idref="fl-2f"/>
      </object_component>
      <object_component id="oc-2af">
         <name>.const:twiddleCoef_1024_q31</name>
         <load_address>0x27e04</load_address>
         <run_address>0x27e04</run_address>
         <size>0x1800</size>
         <input_file_ref idref="fl-2f"/>
      </object_component>
      <object_component id="oc-2d6">
         <name>.const:twiddleCoef_2048_q15</name>
         <load_address>0x29604</load_address>
         <run_address>0x29604</run_address>
         <size>0x1800</size>
         <input_file_ref idref="fl-2f"/>
      </object_component>
      <object_component id="oc-273">
         <name>.const:twiddleCoef_512</name>
         <load_address>0x2ae04</load_address>
         <run_address>0x2ae04</run_address>
         <size>0x1000</size>
         <input_file_ref idref="fl-2f"/>
      </object_component>
      <object_component id="oc-2b8">
         <name>.const:armBitRevIndexTable_fixed_2048</name>
         <load_address>0x2be04</load_address>
         <run_address>0x2be04</run_address>
         <size>0xf80</size>
         <input_file_ref idref="fl-2f"/>
      </object_component>
      <object_component id="oc-27c">
         <name>.const:armBitRevIndexTable1024</name>
         <load_address>0x2cd84</load_address>
         <run_address>0x2cd84</run_address>
         <size>0xe10</size>
         <input_file_ref idref="fl-2f"/>
      </object_component>
      <object_component id="oc-2d3">
         <name>.const:twiddleCoef_1024_q15</name>
         <load_address>0x2db94</load_address>
         <run_address>0x2db94</run_address>
         <size>0xc00</size>
         <input_file_ref idref="fl-2f"/>
      </object_component>
      <object_component id="oc-2a9">
         <name>.const:twiddleCoef_512_q31</name>
         <load_address>0x2e794</load_address>
         <run_address>0x2e794</run_address>
         <size>0xc00</size>
         <input_file_ref idref="fl-2f"/>
      </object_component>
      <object_component id="oc-26d">
         <name>.const:twiddleCoef_256</name>
         <load_address>0x2f394</load_address>
         <run_address>0x2f394</run_address>
         <size>0x800</size>
         <input_file_ref idref="fl-2f"/>
      </object_component>
      <object_component id="oc-2b2">
         <name>.const:armBitRevIndexTable_fixed_1024</name>
         <load_address>0x2fb94</load_address>
         <run_address>0x2fb94</run_address>
         <size>0x7c0</size>
         <input_file_ref idref="fl-2f"/>
      </object_component>
      <object_component id="oc-2a3">
         <name>.const:twiddleCoef_256_q31</name>
         <load_address>0x30354</load_address>
         <run_address>0x30354</run_address>
         <size>0x600</size>
         <input_file_ref idref="fl-2f"/>
      </object_component>
      <object_component id="oc-2d0">
         <name>.const:twiddleCoef_512_q15</name>
         <load_address>0x30954</load_address>
         <run_address>0x30954</run_address>
         <size>0x600</size>
         <input_file_ref idref="fl-2f"/>
      </object_component>
      <object_component id="oc-267">
         <name>.const:twiddleCoef_128</name>
         <load_address>0x30f54</load_address>
         <run_address>0x30f54</run_address>
         <size>0x400</size>
         <input_file_ref idref="fl-2f"/>
      </object_component>
      <object_component id="oc-2ac">
         <name>.const:armBitRevIndexTable_fixed_512</name>
         <load_address>0x31354</load_address>
         <run_address>0x31354</run_address>
         <size>0x3c0</size>
         <input_file_ref idref="fl-2f"/>
      </object_component>
      <object_component id="oc-276">
         <name>.const:armBitRevIndexTable512</name>
         <load_address>0x31714</load_address>
         <run_address>0x31714</run_address>
         <size>0x380</size>
         <input_file_ref idref="fl-2f"/>
      </object_component>
      <object_component id="oc-270">
         <name>.const:armBitRevIndexTable256</name>
         <load_address>0x31a94</load_address>
         <run_address>0x31a94</run_address>
         <size>0x370</size>
         <input_file_ref idref="fl-2f"/>
      </object_component>
      <object_component id="oc-29d">
         <name>.const:twiddleCoef_128_q31</name>
         <load_address>0x31e04</load_address>
         <run_address>0x31e04</run_address>
         <size>0x300</size>
         <input_file_ref idref="fl-2f"/>
      </object_component>
      <object_component id="oc-2cd">
         <name>.const:twiddleCoef_256_q15</name>
         <load_address>0x32104</load_address>
         <run_address>0x32104</run_address>
         <size>0x300</size>
         <input_file_ref idref="fl-2f"/>
      </object_component>
      <object_component id="oc-261">
         <name>.const:twiddleCoef_64</name>
         <load_address>0x32404</load_address>
         <run_address>0x32404</run_address>
         <size>0x200</size>
         <input_file_ref idref="fl-2f"/>
      </object_component>
      <object_component id="oc-2a6">
         <name>.const:armBitRevIndexTable_fixed_256</name>
         <load_address>0x32604</load_address>
         <run_address>0x32604</run_address>
         <size>0x1e0</size>
         <input_file_ref idref="fl-2f"/>
      </object_component>
      <object_component id="oc-1eb">
         <name>.const</name>
         <load_address>0x327e4</load_address>
         <run_address>0x327e4</run_address>
         <size>0x1b0</size>
         <input_file_ref idref="fl-2c"/>
      </object_component>
      <object_component id="oc-26a">
         <name>.const:armBitRevIndexTable128</name>
         <load_address>0x32994</load_address>
         <run_address>0x32994</run_address>
         <size>0x1a0</size>
         <input_file_ref idref="fl-2f"/>
      </object_component>
      <object_component id="oc-2ca">
         <name>.const:twiddleCoef_128_q15</name>
         <load_address>0x32b34</load_address>
         <run_address>0x32b34</run_address>
         <size>0x180</size>
         <input_file_ref idref="fl-2f"/>
      </object_component>
      <object_component id="oc-297">
         <name>.const:twiddleCoef_64_q31</name>
         <load_address>0x32cb4</load_address>
         <run_address>0x32cb4</run_address>
         <size>0x180</size>
         <input_file_ref idref="fl-2f"/>
      </object_component>
      <object_component id="oc-25b">
         <name>.const:twiddleCoef_32</name>
         <load_address>0x32e34</load_address>
         <run_address>0x32e34</run_address>
         <size>0x100</size>
         <input_file_ref idref="fl-2f"/>
      </object_component>
      <object_component id="oc-2a0">
         <name>.const:armBitRevIndexTable_fixed_128</name>
         <load_address>0x32f34</load_address>
         <run_address>0x32f34</run_address>
         <size>0xe0</size>
         <input_file_ref idref="fl-2f"/>
      </object_component>
      <object_component id="oc-291">
         <name>.const:twiddleCoef_32_q31</name>
         <load_address>0x33014</load_address>
         <run_address>0x33014</run_address>
         <size>0xc0</size>
         <input_file_ref idref="fl-2f"/>
      </object_component>
      <object_component id="oc-2c7">
         <name>.const:twiddleCoef_64_q15</name>
         <load_address>0x330d4</load_address>
         <run_address>0x330d4</run_address>
         <size>0xc0</size>
         <input_file_ref idref="fl-2f"/>
      </object_component>
      <object_component id="oc-255">
         <name>.const:twiddleCoef_16</name>
         <load_address>0x33194</load_address>
         <run_address>0x33194</run_address>
         <size>0x80</size>
         <input_file_ref idref="fl-2f"/>
      </object_component>
      <object_component id="oc-264">
         <name>.const:armBitRevIndexTable64</name>
         <load_address>0x33214</load_address>
         <run_address>0x33214</run_address>
         <size>0x70</size>
         <input_file_ref idref="fl-2f"/>
      </object_component>
      <object_component id="oc-29a">
         <name>.const:armBitRevIndexTable_fixed_64</name>
         <load_address>0x33284</load_address>
         <run_address>0x33284</run_address>
         <size>0x70</size>
         <input_file_ref idref="fl-2f"/>
      </object_component>
      <object_component id="oc-25e">
         <name>.const:armBitRevIndexTable32</name>
         <load_address>0x332f4</load_address>
         <run_address>0x332f4</run_address>
         <size>0x60</size>
         <input_file_ref idref="fl-2f"/>
      </object_component>
      <object_component id="oc-28b">
         <name>.const:twiddleCoef_16_q31</name>
         <load_address>0x33354</load_address>
         <run_address>0x33354</run_address>
         <size>0x60</size>
         <input_file_ref idref="fl-2f"/>
      </object_component>
      <object_component id="oc-2c4">
         <name>.const:twiddleCoef_32_q15</name>
         <load_address>0x333b4</load_address>
         <run_address>0x333b4</run_address>
         <size>0x60</size>
         <input_file_ref idref="fl-2f"/>
      </object_component>
      <object_component id="oc-294">
         <name>.const:armBitRevIndexTable_fixed_32</name>
         <load_address>0x33414</load_address>
         <run_address>0x33414</run_address>
         <size>0x30</size>
         <input_file_ref idref="fl-2f"/>
      </object_component>
      <object_component id="oc-2c1">
         <name>.const:twiddleCoef_16_q15</name>
         <load_address>0x33444</load_address>
         <run_address>0x33444</run_address>
         <size>0x30</size>
         <input_file_ref idref="fl-2f"/>
      </object_component>
      <object_component id="oc-258">
         <name>.const:armBitRevIndexTable16</name>
         <load_address>0x33474</load_address>
         <run_address>0x33474</run_address>
         <size>0x28</size>
         <input_file_ref idref="fl-2f"/>
      </object_component>
      <object_component id="oc-169">
         <name>.const:uartConfig</name>
         <load_address>0x3349c</load_address>
         <run_address>0x3349c</run_address>
         <size>0x24</size>
         <input_file_ref idref="fl-3"/>
      </object_component>
      <object_component id="oc-28e">
         <name>.const</name>
         <load_address>0x334c0</load_address>
         <run_address>0x334c0</run_address>
         <size>0x18</size>
         <input_file_ref idref="fl-2f"/>
      </object_component>
      <object_component id="oc-435">
         <name>.cinit..data.load</name>
         <load_address>0x351c0</load_address>
         <run_address>0x351c0</run_address>
         <size>0x39</size>
      </object_component>
      <object_component id="oc-433">
         <name>__TI_handler_table</name>
         <load_address>0x351fc</load_address>
         <run_address>0x351fc</run_address>
         <size>0xc</size>
      </object_component>
      <object_component id="oc-436">
         <name>.cinit..bss.load</name>
         <load_address>0x35208</load_address>
         <run_address>0x35208</run_address>
         <size>0x8</size>
      </object_component>
      <object_component id="oc-434">
         <name>__TI_cinit_table</name>
         <load_address>0x35210</load_address>
         <run_address>0x35210</run_address>
         <size>0x10</size>
      </object_component>
      <object_component id="oc-9d">
         <name>.data</name>
         <load_address>0x20002040</load_address>
         <run_address>0x20002040</run_address>
         <size>0x18</size>
         <input_file_ref idref="fl-3"/>
      </object_component>
      <object_component id="oc-1dc">
         <name>.data:GPIO_PORT_TO_BASE</name>
         <load_address>0x20002010</load_address>
         <run_address>0x20002010</run_address>
         <size>0x30</size>
         <input_file_ref idref="fl-f"/>
      </object_component>
      <object_component id="oc-304">
         <name>.data</name>
         <load_address>0x20002058</load_address>
         <run_address>0x20002058</run_address>
         <size>0x4</size>
         <input_file_ref idref="fl-f2"/>
      </object_component>
      <object_component id="oc-a0">
         <name>.bss</name>
         <uninitialized>true</uninitialized>
         <run_address>0x20001c00</run_address>
         <size>0x8</size>
         <input_file_ref idref="fl-3"/>
      </object_component>
      <object_component id="oc-171">
         <name>.common:status</name>
         <uninitialized>true</uninitialized>
         <run_address>0x20001c0c</run_address>
         <size>0x1</size>
      </object_component>
      <object_component id="oc-16c">
         <name>.common:hann</name>
         <uninitialized>true</uninitialized>
         <run_address>0x20000800</run_address>
         <size>0x800</size>
      </object_component>
      <object_component id="oc-a3">
         <name>.common:adc_inputarray</name>
         <uninitialized>true</uninitialized>
         <run_address>0x20001000</run_address>
         <size>0x400</size>
      </object_component>
      <object_component id="oc-170">
         <name>.common:data_array1</name>
         <uninitialized>true</uninitialized>
         <run_address>0x20001400</run_address>
         <size>0x400</size>
      </object_component>
      <object_component id="oc-16f">
         <name>.common:data_input</name>
         <uninitialized>true</uninitialized>
         <run_address>0x20000000</run_address>
         <size>0x800</size>
      </object_component>
      <object_component id="oc-16e">
         <name>.common:data_output</name>
         <uninitialized>true</uninitialized>
         <run_address>0x20001800</run_address>
         <size>0x400</size>
      </object_component>
      <object_component id="oc-16d">
         <name>.common:val</name>
         <uninitialized>true</uninitialized>
         <run_address>0x20001c08</run_address>
         <size>0x4</size>
      </object_component>
      <object_component id="oc-25">
         <name>.sysmem</name>
         <uninitialized>true</uninitialized>
         <run_address>0x20001c10</run_address>
         <size>0x8</size>
         <input_file_ref idref="fl-f4"/>
      </object_component>
      <object_component id="oc-438">
         <name>.sysmem</name>
         <uninitialized>true</uninitialized>
         <run_address>0x20001c10</run_address>
         <size>0x0</size>
      </object_component>
      <object_component id="oc-22">
         <name>.stack</name>
         <uninitialized>true</uninitialized>
         <run_address>0x2000fe00</run_address>
         <size>0x4</size>
         <input_file_ref idref="fl-f1"/>
      </object_component>
      <object_component id="oc-437">
         <name>.stack</name>
         <uninitialized>true</uninitialized>
         <run_address>0x2000fe00</run_address>
         <size>0x0</size>
      </object_component>
      <object_component id="oc-11e">
         <name>.debug_info</name>
         <load_address>0x0</load_address>
         <run_address>0x0</run_address>
         <size>0x30d</size>
         <input_file_ref idref="fl-2"/>
      </object_component>
      <object_component id="oc-1b3">
         <name>.debug_info</name>
         <load_address>0x30d</load_address>
         <run_address>0x30d</run_address>
         <size>0xe7</size>
         <input_file_ref idref="fl-2"/>
      </object_component>
      <object_component id="oc-1b8">
         <name>.debug_info</name>
         <load_address>0x3f4</load_address>
         <run_address>0x3f4</run_address>
         <size>0x110</size>
         <input_file_ref idref="fl-2"/>
      </object_component>
      <object_component id="oc-b8">
         <name>.debug_info</name>
         <load_address>0x504</load_address>
         <run_address>0x504</run_address>
         <size>0x26b</size>
         <input_file_ref idref="fl-2"/>
      </object_component>
      <object_component id="oc-4f">
         <name>.debug_info</name>
         <load_address>0x76f</load_address>
         <run_address>0x76f</run_address>
         <size>0x84</size>
         <input_file_ref idref="fl-2"/>
      </object_component>
      <object_component id="oc-119">
         <name>.debug_info</name>
         <load_address>0x7f3</load_address>
         <run_address>0x7f3</run_address>
         <size>0x297</size>
         <input_file_ref idref="fl-2"/>
      </object_component>
      <object_component id="oc-114">
         <name>.debug_info</name>
         <load_address>0xa8a</load_address>
         <run_address>0xa8a</run_address>
         <size>0xef</size>
         <input_file_ref idref="fl-2"/>
      </object_component>
      <object_component id="oc-b3">
         <name>.debug_info</name>
         <load_address>0xb79</load_address>
         <run_address>0xb79</run_address>
         <size>0xbb</size>
         <input_file_ref idref="fl-2"/>
      </object_component>
      <object_component id="oc-a4">
         <name>.debug_info</name>
         <load_address>0xc34</load_address>
         <run_address>0xc34</run_address>
         <size>0x929</size>
         <input_file_ref idref="fl-3"/>
      </object_component>
      <object_component id="oc-9e">
         <name>.debug_info</name>
         <load_address>0x155d</load_address>
         <run_address>0x155d</run_address>
         <size>0x1c7</size>
         <input_file_ref idref="fl-3"/>
      </object_component>
      <object_component id="oc-a1">
         <name>.debug_info</name>
         <load_address>0x1724</load_address>
         <run_address>0x1724</run_address>
         <size>0x116</size>
         <input_file_ref idref="fl-3"/>
      </object_component>
      <object_component id="oc-16a">
         <name>.debug_info</name>
         <load_address>0x183a</load_address>
         <run_address>0x183a</run_address>
         <size>0xe3</size>
         <input_file_ref idref="fl-3"/>
      </object_component>
      <object_component id="oc-df">
         <name>.debug_info</name>
         <load_address>0x191d</load_address>
         <run_address>0x191d</run_address>
         <size>0x2d9</size>
         <input_file_ref idref="fl-3"/>
      </object_component>
      <object_component id="oc-41">
         <name>.debug_info</name>
         <load_address>0x1bf6</load_address>
         <run_address>0x1bf6</run_address>
         <size>0x179</size>
         <input_file_ref idref="fl-3"/>
      </object_component>
      <object_component id="oc-10a">
         <name>.debug_info</name>
         <load_address>0x1d6f</load_address>
         <run_address>0x1d6f</run_address>
         <size>0x1ea6</size>
         <input_file_ref idref="fl-3"/>
      </object_component>
      <object_component id="oc-ae">
         <name>.debug_info</name>
         <load_address>0x3c15</load_address>
         <run_address>0x3c15</run_address>
         <size>0x1055</size>
         <input_file_ref idref="fl-3"/>
      </object_component>
      <object_component id="oc-a9">
         <name>.debug_info</name>
         <load_address>0x4c6a</load_address>
         <run_address>0x4c6a</run_address>
         <size>0x37e2</size>
         <input_file_ref idref="fl-3"/>
      </object_component>
      <object_component id="oc-369">
         <name>.debug_info</name>
         <load_address>0x844c</load_address>
         <run_address>0x844c</run_address>
         <size>0x1b5</size>
         <input_file_ref idref="fl-3"/>
      </object_component>
      <object_component id="oc-101">
         <name>.debug_info</name>
         <load_address>0x8601</load_address>
         <run_address>0x8601</run_address>
         <size>0x8b</size>
         <input_file_ref idref="fl-3"/>
      </object_component>
      <object_component id="oc-10f">
         <name>.debug_info</name>
         <load_address>0x868c</load_address>
         <run_address>0x868c</run_address>
         <size>0xee</size>
         <input_file_ref idref="fl-3"/>
      </object_component>
      <object_component id="oc-48">
         <name>.debug_info</name>
         <load_address>0x877a</load_address>
         <run_address>0x877a</run_address>
         <size>0x5aa</size>
         <input_file_ref idref="fl-4"/>
      </object_component>
      <object_component id="oc-11">
         <name>.debug_info</name>
         <load_address>0x8d24</load_address>
         <run_address>0x8d24</run_address>
         <size>0xfd</size>
         <input_file_ref idref="fl-4"/>
      </object_component>
      <object_component id="oc-29">
         <name>.debug_info</name>
         <load_address>0x8e21</load_address>
         <run_address>0x8e21</run_address>
         <size>0x132</size>
         <input_file_ref idref="fl-4"/>
      </object_component>
      <object_component id="oc-30">
         <name>.debug_info</name>
         <load_address>0x8f53</load_address>
         <run_address>0x8f53</run_address>
         <size>0x123</size>
         <input_file_ref idref="fl-4"/>
      </object_component>
      <object_component id="oc-36">
         <name>.debug_info</name>
         <load_address>0x9076</load_address>
         <run_address>0x9076</run_address>
         <size>0x127</size>
         <input_file_ref idref="fl-4"/>
      </object_component>
      <object_component id="oc-3c">
         <name>.debug_info</name>
         <load_address>0x919d</load_address>
         <run_address>0x919d</run_address>
         <size>0x12b</size>
         <input_file_ref idref="fl-4"/>
      </object_component>
      <object_component id="oc-132">
         <name>.debug_info</name>
         <load_address>0x92c8</load_address>
         <run_address>0x92c8</run_address>
         <size>0x225</size>
         <input_file_ref idref="fl-5"/>
      </object_component>
      <object_component id="oc-13e">
         <name>.debug_info</name>
         <load_address>0x94ed</load_address>
         <run_address>0x94ed</run_address>
         <size>0x172</size>
         <input_file_ref idref="fl-5"/>
      </object_component>
      <object_component id="oc-3ef">
         <name>.debug_info</name>
         <load_address>0x965f</load_address>
         <run_address>0x965f</run_address>
         <size>0x146</size>
         <input_file_ref idref="fl-9"/>
      </object_component>
      <object_component id="oc-24b">
         <name>.debug_info</name>
         <load_address>0x97a5</load_address>
         <run_address>0x97a5</run_address>
         <size>0x7ae</size>
         <input_file_ref idref="fl-b"/>
      </object_component>
      <object_component id="oc-1d1">
         <name>.debug_info</name>
         <load_address>0x9f53</load_address>
         <run_address>0x9f53</run_address>
         <size>0x197</size>
         <input_file_ref idref="fl-b"/>
      </object_component>
      <object_component id="oc-1d7">
         <name>.debug_info</name>
         <load_address>0xa0ea</load_address>
         <run_address>0xa0ea</run_address>
         <size>0x21e</size>
         <input_file_ref idref="fl-b"/>
      </object_component>
      <object_component id="oc-249">
         <name>.debug_info</name>
         <load_address>0xa308</load_address>
         <run_address>0xa308</run_address>
         <size>0x7c2</size>
         <input_file_ref idref="fl-d"/>
      </object_component>
      <object_component id="oc-1cd">
         <name>.debug_info</name>
         <load_address>0xaaca</load_address>
         <run_address>0xaaca</run_address>
         <size>0x1da</size>
         <input_file_ref idref="fl-d"/>
      </object_component>
      <object_component id="oc-1e0">
         <name>.debug_info</name>
         <load_address>0xaca4</load_address>
         <run_address>0xaca4</run_address>
         <size>0x6a3</size>
         <input_file_ref idref="fl-f"/>
      </object_component>
      <object_component id="oc-1dd">
         <name>.debug_info</name>
         <load_address>0xb347</load_address>
         <run_address>0xb347</run_address>
         <size>0x105</size>
         <input_file_ref idref="fl-f"/>
      </object_component>
      <object_component id="oc-136">
         <name>.debug_info</name>
         <load_address>0xb44c</load_address>
         <run_address>0xb44c</run_address>
         <size>0x240</size>
         <input_file_ref idref="fl-f"/>
      </object_component>
      <object_component id="oc-347">
         <name>.debug_info</name>
         <load_address>0xb68c</load_address>
         <run_address>0xb68c</run_address>
         <size>0x75f</size>
         <input_file_ref idref="fl-13"/>
      </object_component>
      <object_component id="oc-355">
         <name>.debug_info</name>
         <load_address>0xbdeb</load_address>
         <run_address>0xbdeb</run_address>
         <size>0x1d9</size>
         <input_file_ref idref="fl-13"/>
      </object_component>
      <object_component id="oc-33b">
         <name>.debug_info</name>
         <load_address>0xbfc4</load_address>
         <run_address>0xbfc4</run_address>
         <size>0x15e</size>
         <input_file_ref idref="fl-13"/>
      </object_component>
      <object_component id="oc-32f">
         <name>.debug_info</name>
         <load_address>0xc122</load_address>
         <run_address>0xc122</run_address>
         <size>0x177</size>
         <input_file_ref idref="fl-13"/>
      </object_component>
      <object_component id="oc-35b">
         <name>.debug_info</name>
         <load_address>0xc299</load_address>
         <run_address>0xc299</run_address>
         <size>0x323</size>
         <input_file_ref idref="fl-13"/>
      </object_component>
      <object_component id="oc-341">
         <name>.debug_info</name>
         <load_address>0xc5bc</load_address>
         <run_address>0xc5bc</run_address>
         <size>0x193</size>
         <input_file_ref idref="fl-13"/>
      </object_component>
      <object_component id="oc-1c4">
         <name>.debug_info</name>
         <load_address>0xc74f</load_address>
         <run_address>0xc74f</run_address>
         <size>0x198</size>
         <input_file_ref idref="fl-13"/>
      </object_component>
      <object_component id="oc-349">
         <name>.debug_info</name>
         <load_address>0xc8e7</load_address>
         <run_address>0xc8e7</run_address>
         <size>0x21c</size>
         <input_file_ref idref="fl-13"/>
      </object_component>
      <object_component id="oc-34f">
         <name>.debug_info</name>
         <load_address>0xcb03</load_address>
         <run_address>0xcb03</run_address>
         <size>0x193</size>
         <input_file_ref idref="fl-13"/>
      </object_component>
      <object_component id="oc-335">
         <name>.debug_info</name>
         <load_address>0xcc96</load_address>
         <run_address>0xcc96</run_address>
         <size>0x185</size>
         <input_file_ref idref="fl-13"/>
      </object_component>
      <object_component id="oc-23b">
         <name>.debug_info</name>
         <load_address>0xce1b</load_address>
         <run_address>0xce1b</run_address>
         <size>0x376</size>
         <input_file_ref idref="fl-13"/>
      </object_component>
      <object_component id="oc-361">
         <name>.debug_info</name>
         <load_address>0xd191</load_address>
         <run_address>0xd191</run_address>
         <size>0x162</size>
         <input_file_ref idref="fl-13"/>
      </object_component>
      <object_component id="oc-242">
         <name>.debug_info</name>
         <load_address>0xd2f3</load_address>
         <run_address>0xd2f3</run_address>
         <size>0x5b1</size>
         <input_file_ref idref="fl-13"/>
      </object_component>
      <object_component id="oc-1be">
         <name>.debug_info</name>
         <load_address>0xd8a4</load_address>
         <run_address>0xd8a4</run_address>
         <size>0x1ab</size>
         <input_file_ref idref="fl-13"/>
      </object_component>
      <object_component id="oc-3fd">
         <name>.debug_info</name>
         <load_address>0xda4f</load_address>
         <run_address>0xda4f</run_address>
         <size>0x159</size>
         <input_file_ref idref="fl-18"/>
      </object_component>
      <object_component id="oc-3f6">
         <name>.debug_info</name>
         <load_address>0xdba8</load_address>
         <run_address>0xdba8</run_address>
         <size>0x17a</size>
         <input_file_ref idref="fl-1f"/>
      </object_component>
      <object_component id="oc-1f4">
         <name>.debug_info</name>
         <load_address>0xdd22</load_address>
         <run_address>0xdd22</run_address>
         <size>0x3d4</size>
         <input_file_ref idref="fl-29"/>
      </object_component>
      <object_component id="oc-1e6">
         <name>.debug_info</name>
         <load_address>0xe0f6</load_address>
         <run_address>0xe0f6</run_address>
         <size>0x110</size>
         <input_file_ref idref="fl-29"/>
      </object_component>
      <object_component id="oc-1e9">
         <name>.debug_info</name>
         <load_address>0xe206</load_address>
         <run_address>0xe206</run_address>
         <size>0x111</size>
         <input_file_ref idref="fl-29"/>
      </object_component>
      <object_component id="oc-152">
         <name>.debug_info</name>
         <load_address>0xe317</load_address>
         <run_address>0xe317</run_address>
         <size>0x29b</size>
         <input_file_ref idref="fl-29"/>
      </object_component>
      <object_component id="oc-1ef">
         <name>.debug_info</name>
         <load_address>0xe5b2</load_address>
         <run_address>0xe5b2</run_address>
         <size>0x1ea6</size>
         <input_file_ref idref="fl-29"/>
      </object_component>
      <object_component id="oc-1f5">
         <name>.debug_info</name>
         <load_address>0x10458</load_address>
         <run_address>0x10458</run_address>
         <size>0x18b</size>
         <input_file_ref idref="fl-29"/>
      </object_component>
      <object_component id="oc-20d">
         <name>.debug_info</name>
         <load_address>0x105e3</load_address>
         <run_address>0x105e3</run_address>
         <size>0x329</size>
         <input_file_ref idref="fl-2a"/>
      </object_component>
      <object_component id="oc-1fb">
         <name>.debug_info</name>
         <load_address>0x1090c</load_address>
         <run_address>0x1090c</run_address>
         <size>0x2ff</size>
         <input_file_ref idref="fl-2a"/>
      </object_component>
      <object_component id="oc-207">
         <name>.debug_info</name>
         <load_address>0x10c0b</load_address>
         <run_address>0x10c0b</run_address>
         <size>0x32b</size>
         <input_file_ref idref="fl-2a"/>
      </object_component>
      <object_component id="oc-158">
         <name>.debug_info</name>
         <load_address>0x10f36</load_address>
         <run_address>0x10f36</run_address>
         <size>0x271</size>
         <input_file_ref idref="fl-2a"/>
      </object_component>
      <object_component id="oc-217">
         <name>.debug_info</name>
         <load_address>0x111a7</load_address>
         <run_address>0x111a7</run_address>
         <size>0x1d2</size>
         <input_file_ref idref="fl-2b"/>
      </object_component>
      <object_component id="oc-164">
         <name>.debug_info</name>
         <load_address>0x11379</load_address>
         <run_address>0x11379</run_address>
         <size>0x305</size>
         <input_file_ref idref="fl-2b"/>
      </object_component>
      <object_component id="oc-2de">
         <name>.debug_info</name>
         <load_address>0x1167e</load_address>
         <run_address>0x1167e</run_address>
         <size>0xdbd</size>
         <input_file_ref idref="fl-2c"/>
      </object_component>
      <object_component id="oc-1ec">
         <name>.debug_info</name>
         <load_address>0x1243b</load_address>
         <run_address>0x1243b</run_address>
         <size>0x751</size>
         <input_file_ref idref="fl-2c"/>
      </object_component>
      <object_component id="oc-300">
         <name>.debug_info</name>
         <load_address>0x12b8c</load_address>
         <run_address>0x12b8c</run_address>
         <size>0x3aa</size>
         <input_file_ref idref="fl-2d"/>
      </object_component>
      <object_component id="oc-2e9">
         <name>.debug_info</name>
         <load_address>0x12f36</load_address>
         <run_address>0x12f36</run_address>
         <size>0x2bb</size>
         <input_file_ref idref="fl-2d"/>
      </object_component>
      <object_component id="oc-2f5">
         <name>.debug_info</name>
         <load_address>0x131f1</load_address>
         <run_address>0x131f1</run_address>
         <size>0x2dc</size>
         <input_file_ref idref="fl-2d"/>
      </object_component>
      <object_component id="oc-201">
         <name>.debug_info</name>
         <load_address>0x134cd</load_address>
         <run_address>0x134cd</run_address>
         <size>0x2ee</size>
         <input_file_ref idref="fl-2d"/>
      </object_component>
      <object_component id="oc-3ce">
         <name>.debug_info</name>
         <load_address>0x137bb</load_address>
         <run_address>0x137bb</run_address>
         <size>0x401</size>
         <input_file_ref idref="fl-2e"/>
      </object_component>
      <object_component id="oc-2e3">
         <name>.debug_info</name>
         <load_address>0x13bbc</load_address>
         <run_address>0x13bbc</run_address>
         <size>0x4a5</size>
         <input_file_ref idref="fl-2e"/>
      </object_component>
      <object_component id="oc-2ef">
         <name>.debug_info</name>
         <load_address>0x14061</load_address>
         <run_address>0x14061</run_address>
         <size>0x4b7</size>
         <input_file_ref idref="fl-2e"/>
      </object_component>
      <object_component id="oc-372">
         <name>.debug_info</name>
         <load_address>0x14518</load_address>
         <run_address>0x14518</run_address>
         <size>0x4a9</size>
         <input_file_ref idref="fl-2f"/>
      </object_component>
      <object_component id="oc-256">
         <name>.debug_info</name>
         <load_address>0x149c1</load_address>
         <run_address>0x149c1</run_address>
         <size>0x10f</size>
         <input_file_ref idref="fl-2f"/>
      </object_component>
      <object_component id="oc-25c">
         <name>.debug_info</name>
         <load_address>0x14ad0</load_address>
         <run_address>0x14ad0</run_address>
         <size>0x10f</size>
         <input_file_ref idref="fl-2f"/>
      </object_component>
      <object_component id="oc-262">
         <name>.debug_info</name>
         <load_address>0x14bdf</load_address>
         <run_address>0x14bdf</run_address>
         <size>0x110</size>
         <input_file_ref idref="fl-2f"/>
      </object_component>
      <object_component id="oc-268">
         <name>.debug_info</name>
         <load_address>0x14cef</load_address>
         <run_address>0x14cef</run_address>
         <size>0x112</size>
         <input_file_ref idref="fl-2f"/>
      </object_component>
      <object_component id="oc-26e">
         <name>.debug_info</name>
         <load_address>0x14e01</load_address>
         <run_address>0x14e01</run_address>
         <size>0x112</size>
         <input_file_ref idref="fl-2f"/>
      </object_component>
      <object_component id="oc-274">
         <name>.debug_info</name>
         <load_address>0x14f13</load_address>
         <run_address>0x14f13</run_address>
         <size>0x112</size>
         <input_file_ref idref="fl-2f"/>
      </object_component>
      <object_component id="oc-27a">
         <name>.debug_info</name>
         <load_address>0x15025</load_address>
         <run_address>0x15025</run_address>
         <size>0x114</size>
         <input_file_ref idref="fl-2f"/>
      </object_component>
      <object_component id="oc-280">
         <name>.debug_info</name>
         <load_address>0x15139</load_address>
         <run_address>0x15139</run_address>
         <size>0x114</size>
         <input_file_ref idref="fl-2f"/>
      </object_component>
      <object_component id="oc-286">
         <name>.debug_info</name>
         <load_address>0x1524d</load_address>
         <run_address>0x1524d</run_address>
         <size>0x114</size>
         <input_file_ref idref="fl-2f"/>
      </object_component>
      <object_component id="oc-28c">
         <name>.debug_info</name>
         <load_address>0x15361</load_address>
         <run_address>0x15361</run_address>
         <size>0x118</size>
         <input_file_ref idref="fl-2f"/>
      </object_component>
      <object_component id="oc-292">
         <name>.debug_info</name>
         <load_address>0x15479</load_address>
         <run_address>0x15479</run_address>
         <size>0x118</size>
         <input_file_ref idref="fl-2f"/>
      </object_component>
      <object_component id="oc-298">
         <name>.debug_info</name>
         <load_address>0x15591</load_address>
         <run_address>0x15591</run_address>
         <size>0x118</size>
         <input_file_ref idref="fl-2f"/>
      </object_component>
      <object_component id="oc-29e">
         <name>.debug_info</name>
         <load_address>0x156a9</load_address>
         <run_address>0x156a9</run_address>
         <size>0x11a</size>
         <input_file_ref idref="fl-2f"/>
      </object_component>
      <object_component id="oc-2a4">
         <name>.debug_info</name>
         <load_address>0x157c3</load_address>
         <run_address>0x157c3</run_address>
         <size>0x11a</size>
         <input_file_ref idref="fl-2f"/>
      </object_component>
      <object_component id="oc-2aa">
         <name>.debug_info</name>
         <load_address>0x158dd</load_address>
         <run_address>0x158dd</run_address>
         <size>0x11a</size>
         <input_file_ref idref="fl-2f"/>
      </object_component>
      <object_component id="oc-2b0">
         <name>.debug_info</name>
         <load_address>0x159f7</load_address>
         <run_address>0x159f7</run_address>
         <size>0x11c</size>
         <input_file_ref idref="fl-2f"/>
      </object_component>
      <object_component id="oc-2b6">
         <name>.debug_info</name>
         <load_address>0x15b13</load_address>
         <run_address>0x15b13</run_address>
         <size>0x11c</size>
         <input_file_ref idref="fl-2f"/>
      </object_component>
      <object_component id="oc-2bc">
         <name>.debug_info</name>
         <load_address>0x15c2f</load_address>
         <run_address>0x15c2f</run_address>
         <size>0x11c</size>
         <input_file_ref idref="fl-2f"/>
      </object_component>
      <object_component id="oc-2c2">
         <name>.debug_info</name>
         <load_address>0x15d4b</load_address>
         <run_address>0x15d4b</run_address>
         <size>0x118</size>
         <input_file_ref idref="fl-2f"/>
      </object_component>
      <object_component id="oc-2c5">
         <name>.debug_info</name>
         <load_address>0x15e63</load_address>
         <run_address>0x15e63</run_address>
         <size>0x118</size>
         <input_file_ref idref="fl-2f"/>
      </object_component>
      <object_component id="oc-2c8">
         <name>.debug_info</name>
         <load_address>0x15f7b</load_address>
         <run_address>0x15f7b</run_address>
         <size>0x118</size>
         <input_file_ref idref="fl-2f"/>
      </object_component>
      <object_component id="oc-2cb">
         <name>.debug_info</name>
         <load_address>0x16093</load_address>
         <run_address>0x16093</run_address>
         <size>0x11a</size>
         <input_file_ref idref="fl-2f"/>
      </object_component>
      <object_component id="oc-2ce">
         <name>.debug_info</name>
         <load_address>0x161ad</load_address>
         <run_address>0x161ad</run_address>
         <size>0x11a</size>
         <input_file_ref idref="fl-2f"/>
      </object_component>
      <object_component id="oc-2d1">
         <name>.debug_info</name>
         <load_address>0x162c7</load_address>
         <run_address>0x162c7</run_address>
         <size>0x11a</size>
         <input_file_ref idref="fl-2f"/>
      </object_component>
      <object_component id="oc-2d4">
         <name>.debug_info</name>
         <load_address>0x163e1</load_address>
         <run_address>0x163e1</run_address>
         <size>0x11c</size>
         <input_file_ref idref="fl-2f"/>
      </object_component>
      <object_component id="oc-2d7">
         <name>.debug_info</name>
         <load_address>0x164fd</load_address>
         <run_address>0x164fd</run_address>
         <size>0x11c</size>
         <input_file_ref idref="fl-2f"/>
      </object_component>
      <object_component id="oc-2da">
         <name>.debug_info</name>
         <load_address>0x16619</load_address>
         <run_address>0x16619</run_address>
         <size>0x11c</size>
         <input_file_ref idref="fl-2f"/>
      </object_component>
      <object_component id="oc-259">
         <name>.debug_info</name>
         <load_address>0x16735</load_address>
         <run_address>0x16735</run_address>
         <size>0x11e</size>
         <input_file_ref idref="fl-2f"/>
      </object_component>
      <object_component id="oc-25f">
         <name>.debug_info</name>
         <load_address>0x16853</load_address>
         <run_address>0x16853</run_address>
         <size>0x11e</size>
         <input_file_ref idref="fl-2f"/>
      </object_component>
      <object_component id="oc-265">
         <name>.debug_info</name>
         <load_address>0x16971</load_address>
         <run_address>0x16971</run_address>
         <size>0x11e</size>
         <input_file_ref idref="fl-2f"/>
      </object_component>
      <object_component id="oc-26b">
         <name>.debug_info</name>
         <load_address>0x16a8f</load_address>
         <run_address>0x16a8f</run_address>
         <size>0x120</size>
         <input_file_ref idref="fl-2f"/>
      </object_component>
      <object_component id="oc-271">
         <name>.debug_info</name>
         <load_address>0x16baf</load_address>
         <run_address>0x16baf</run_address>
         <size>0x120</size>
         <input_file_ref idref="fl-2f"/>
      </object_component>
      <object_component id="oc-277">
         <name>.debug_info</name>
         <load_address>0x16ccf</load_address>
         <run_address>0x16ccf</run_address>
         <size>0x120</size>
         <input_file_ref idref="fl-2f"/>
      </object_component>
      <object_component id="oc-27d">
         <name>.debug_info</name>
         <load_address>0x16def</load_address>
         <run_address>0x16def</run_address>
         <size>0x122</size>
         <input_file_ref idref="fl-2f"/>
      </object_component>
      <object_component id="oc-283">
         <name>.debug_info</name>
         <load_address>0x16f11</load_address>
         <run_address>0x16f11</run_address>
         <size>0x122</size>
         <input_file_ref idref="fl-2f"/>
      </object_component>
      <object_component id="oc-289">
         <name>.debug_info</name>
         <load_address>0x17033</load_address>
         <run_address>0x17033</run_address>
         <size>0x122</size>
         <input_file_ref idref="fl-2f"/>
      </object_component>
      <object_component id="oc-28f">
         <name>.debug_info</name>
         <load_address>0x17155</load_address>
         <run_address>0x17155</run_address>
         <size>0x12c</size>
         <input_file_ref idref="fl-2f"/>
      </object_component>
      <object_component id="oc-295">
         <name>.debug_info</name>
         <load_address>0x17281</load_address>
         <run_address>0x17281</run_address>
         <size>0x12c</size>
         <input_file_ref idref="fl-2f"/>
      </object_component>
      <object_component id="oc-29b">
         <name>.debug_info</name>
         <load_address>0x173ad</load_address>
         <run_address>0x173ad</run_address>
         <size>0x12c</size>
         <input_file_ref idref="fl-2f"/>
      </object_component>
      <object_component id="oc-2a1">
         <name>.debug_info</name>
         <load_address>0x174d9</load_address>
         <run_address>0x174d9</run_address>
         <size>0x12e</size>
         <input_file_ref idref="fl-2f"/>
      </object_component>
      <object_component id="oc-2a7">
         <name>.debug_info</name>
         <load_address>0x17607</load_address>
         <run_address>0x17607</run_address>
         <size>0x12e</size>
         <input_file_ref idref="fl-2f"/>
      </object_component>
      <object_component id="oc-2ad">
         <name>.debug_info</name>
         <load_address>0x17735</load_address>
         <run_address>0x17735</run_address>
         <size>0x12e</size>
         <input_file_ref idref="fl-2f"/>
      </object_component>
      <object_component id="oc-2b3">
         <name>.debug_info</name>
         <load_address>0x17863</load_address>
         <run_address>0x17863</run_address>
         <size>0x130</size>
         <input_file_ref idref="fl-2f"/>
      </object_component>
      <object_component id="oc-2b9">
         <name>.debug_info</name>
         <load_address>0x17993</load_address>
         <run_address>0x17993</run_address>
         <size>0x130</size>
         <input_file_ref idref="fl-2f"/>
      </object_component>
      <object_component id="oc-2bf">
         <name>.debug_info</name>
         <load_address>0x17ac3</load_address>
         <run_address>0x17ac3</run_address>
         <size>0x130</size>
         <input_file_ref idref="fl-2f"/>
      </object_component>
      <object_component id="oc-2fb">
         <name>.debug_info</name>
         <load_address>0x17bf3</load_address>
         <run_address>0x17bf3</run_address>
         <size>0x17e</size>
         <input_file_ref idref="fl-31"/>
      </object_component>
      <object_component id="oc-215">
         <name>.debug_info</name>
         <load_address>0x17d71</load_address>
         <run_address>0x17d71</run_address>
         <size>0x2c0</size>
         <input_file_ref idref="fl-e7"/>
      </object_component>
      <object_component id="oc-161">
         <name>.debug_info</name>
         <load_address>0x18031</load_address>
         <run_address>0x18031</run_address>
         <size>0x166</size>
         <input_file_ref idref="fl-e7"/>
      </object_component>
      <object_component id="oc-145">
         <name>.debug_info</name>
         <load_address>0x18197</load_address>
         <run_address>0x18197</run_address>
         <size>0x166</size>
         <input_file_ref idref="fl-e8"/>
      </object_component>
      <object_component id="oc-14e">
         <name>.debug_info</name>
         <load_address>0x182fd</load_address>
         <run_address>0x182fd</run_address>
         <size>0x144</size>
         <input_file_ref idref="fl-e9"/>
      </object_component>
      <object_component id="oc-95">
         <name>.debug_info</name>
         <load_address>0x18441</load_address>
         <run_address>0x18441</run_address>
         <size>0x132</size>
         <input_file_ref idref="fl-ea"/>
      </object_component>
      <object_component id="oc-99">
         <name>.debug_info</name>
         <load_address>0x18573</load_address>
         <run_address>0x18573</run_address>
         <size>0x136</size>
         <input_file_ref idref="fl-eb"/>
      </object_component>
      <object_component id="oc-148">
         <name>.debug_info</name>
         <load_address>0x186a9</load_address>
         <run_address>0x186a9</run_address>
         <size>0x124</size>
         <input_file_ref idref="fl-ec"/>
      </object_component>
      <object_component id="oc-8f">
         <name>.debug_info</name>
         <load_address>0x187cd</load_address>
         <run_address>0x187cd</run_address>
         <size>0x126</size>
         <input_file_ref idref="fl-ed"/>
      </object_component>
      <object_component id="oc-d1">
         <name>.debug_info</name>
         <load_address>0x188f3</load_address>
         <run_address>0x188f3</run_address>
         <size>0x313</size>
         <input_file_ref idref="fl-ee"/>
      </object_component>
      <object_component id="oc-67">
         <name>.debug_info</name>
         <load_address>0x18c06</load_address>
         <run_address>0x18c06</run_address>
         <size>0x1aa</size>
         <input_file_ref idref="fl-ee"/>
      </object_component>
      <object_component id="oc-cc">
         <name>.debug_info</name>
         <load_address>0x18db0</load_address>
         <run_address>0x18db0</run_address>
         <size>0x46</size>
         <input_file_ref idref="fl-ee"/>
      </object_component>
      <object_component id="oc-126">
         <name>.debug_info</name>
         <load_address>0x18df6</load_address>
         <run_address>0x18df6</run_address>
         <size>0x2c</size>
         <input_file_ref idref="fl-ee"/>
      </object_component>
      <object_component id="oc-5f">
         <name>.debug_info</name>
         <load_address>0x18e22</load_address>
         <run_address>0x18e22</run_address>
         <size>0x29d</size>
         <input_file_ref idref="fl-ef"/>
      </object_component>
[...]
      </symbol>
      <symbol id="sm-252">
         <name>PCM_gotoLPM0</name>
         <value>0x35079</value>
         <object_component_ref idref="oc-360"/>
      </symbol>
      <symbol id="sm-253">
         <name>PCM_setPowerMode</name>
         <value>0x3519d</value>
         <object_component_ref idref="oc-340"/>
      </symbol>
      <symbol id="sm-264">
         <name>RTC_C_holdClock</name>
         <value>0x350ed</value>
         <object_component_ref idref="oc-3fb"/>
      </symbol>
      <symbol id="sm-276">
         <name>WDT_A_holdTimer</name>
         <value>0x35131</value>
         <object_component_ref idref="oc-3f5"/>
      </symbol>
      <symbol id="sm-2b6">
         <name>arm_rfft_init_q15</name>
         <value>0x3446d</value>
         <object_component_ref idref="oc-151"/>
      </symbol>
      <symbol id="sm-2da">
         <name>arm_split_rfft_q15</name>
         <value>0x34391</value>
         <object_component_ref idref="oc-206"/>
      </symbol>
      <symbol id="sm-2db">
         <name>arm_rfft_q15</name>
         <value>0x34d7b</value>
         <object_component_ref idref="oc-157"/>
      </symbol>
      <symbol id="sm-2dc">
         <name>arm_split_rifft_q15</name>
         <value>0x34b21</value>
         <object_component_ref idref="oc-1fa"/>
      </symbol>
      <symbol id="sm-2ed">
         <name>arm_max_q15</name>
         <value>0x34b9f</value>
         <object_component_ref idref="oc-163"/>
      </symbol>
      <symbol id="sm-312">
         <name>arm_cfft_sR_f32_len512</name>
         <value>0x32834</value>
         <object_component_ref idref="oc-1eb"/>
      </symbol>
      <symbol id="sm-313">
         <name>arm_cfft_sR_f32_len128</name>
         <value>0x32814</value>
         <object_component_ref idref="oc-1eb"/>
      </symbol>
      <symbol id="sm-314">
         <name>arm_cfft_sR_q31_len1024</name>
         <value>0x328d4</value>
         <object_component_ref idref="oc-1eb"/>
      </symbol>
      <symbol id="sm-315">
         <name>arm_cfft_sR_q15_len4096</name>
         <value>0x32984</value>
         <object_component_ref idref="oc-1eb"/>
      </symbol>
      <symbol id="sm-316">
         <name>arm_cfft_sR_q31_len2048</name>
         <value>0x328e4</value>
         <object_component_ref idref="oc-1eb"/>
      </symbol>
      <symbol id="sm-317">
         <name>arm_cfft_sR_q15_len512</name>
         <value>0x32954</value>
         <object_component_ref idref="oc-1eb"/>
      </symbol>
      <symbol id="sm-318">
         <name>arm_cfft_sR_f32_len256</name>
         <value>0x32824</value>
         <object_component_ref idref="oc-1eb"/>
      </symbol>
      <symbol id="sm-319">
         <name>arm_cfft_sR_q15_len128</name>
         <value>0x32934</value>
         <object_component_ref idref="oc-1eb"/>
      </symbol>
      <symbol id="sm-31a">
         <name>arm_cfft_sR_q31_len64</name>
         <value>0x32894</value>
         <object_component_ref idref="oc-1eb"/>
      </symbol>
      <symbol id="sm-31b">
         <name>arm_cfft_sR_q31_len4096</name>
         <value>0x328f4</value>
         <object_component_ref idref="oc-1eb"/>
      </symbol>
      <symbol id="sm-31c">
         <name>arm_cfft_sR_q31_len16</name>
         <value>0x32874</value>
         <object_component_ref idref="oc-1eb"/>
      </symbol>
      <symbol id="sm-31d">
         <name>arm_cfft_sR_f32_len64</name>
         <value>0x32804</value>
         <object_component_ref idref="oc-1eb"/>
      </symbol>
      <symbol id="sm-31e">
         <name>arm_cfft_sR_q31_len32</name>
         <value>0x32884</value>
         <object_component_ref idref="oc-1eb"/>
      </symbol>
      <symbol id="sm-31f">
         <name>arm_cfft_sR_f32_len16</name>
         <value>0x327e4</value>
         <object_component_ref idref="oc-1eb"/>
      </symbol>
      <symbol id="sm-320">
         <name>arm_cfft_sR_q15_len64</name>
         <value>0x32924</value>
         <object_component_ref idref="oc-1eb"/>
      </symbol>
      <symbol id="sm-321">
         <name>arm_cfft_sR_q15_len256</name>
         <value>0x32944</value>
         <object_component_ref idref="oc-1eb"/>
      </symbol>
      <symbol id="sm-322">
         <name>arm_cfft_sR_f32_len32</name>
         <value>0x327f4</value>
         <object_component_ref idref="oc-1eb"/>
      </symbol>
      <symbol id="sm-323">
         <name>arm_cfft_sR_q15_len16</name>
         <value>0x32904</value>
         <object_component_ref idref="oc-1eb"/>
      </symbol>
      <symbol id="sm-324">
         <name>arm_cfft_sR_f32_len4096</name>
         <value>0x32864</value>
         <object_component_ref idref="oc-1eb"/>
      </symbol>
      <symbol id="sm-325">
         <name>arm_cfft_sR_q31_len512</name>
         <value>0x328c4</value>
         <object_component_ref idref="oc-1eb"/>
      </symbol>
      <symbol id="sm-326">
         <name>arm_cfft_sR_q31_len128</name>
         <value>0x328a4</value>
         <object_component_ref idref="oc-1eb"/>
      </symbol>
      <symbol id="sm-327">
         <name>arm_cfft_sR_q15_len32</name>
         <value>0x32914</value>
         <object_component_ref idref="oc-1eb"/>
      </symbol>
      <symbol id="sm-328">
         <name>arm_cfft_sR_f32_len1024</name>
         <value>0x32844</value>
         <object_component_ref idref="oc-1eb"/>
      </symbol>
      <symbol id="sm-329">
         <name>arm_cfft_sR_q15_len1024</name>
         <value>0x32964</value>
         <object_component_ref idref="oc-1eb"/>
      </symbol>
      <symbol id="sm-32a">
         <name>arm_cfft_sR_q15_len2048</name>
         <value>0x32974</value>
         <object_component_ref idref="oc-1eb"/>
      </symbol>
      <symbol id="sm-32b">
         <name>arm_cfft_sR_f32_len2048</name>
         <value>0x32854</value>
         <object_component_ref idref="oc-1eb"/>
      </symbol>
      <symbol id="sm-32c">
         <name>arm_cfft_sR_q31_len256</name>
         <value>0x328b4</value>
         <object_component_ref idref="oc-1eb"/>
      </symbol>
      <symbol id="sm-35a">
         <name>arm_cfft_q15</name>
         <value>0x345f1</value>
         <object_component_ref idref="oc-200"/>
      </symbol>
      <symbol id="sm-35b">
         <name>arm_cfft_radix4by2_q15</name>
         <value>0x3495d</value>
         <object_component_ref idref="oc-2e8"/>
      </symbol>
      <symbol id="sm-35c">
         <name>arm_cfft_radix4by2_inverse_q15</name>
         <value>0x348b9</value>
         <object_component_ref idref="oc-2f4"/>
      </symbol>
      <symbol id="sm-37f">
         <name>arm_radix4_butterfly_inverse_q15</name>
         <value>0x334d9</value>
         <object_component_ref idref="oc-2ee"/>
      </symbol>
      <symbol id="sm-380">
         <name>arm_radix4_butterfly_q15</name>
         <value>0x33815</value>
         <object_component_ref idref="oc-2e2"/>
      </symbol>
      <symbol id="sm-493">
         <name>armBitRevIndexTable1024</name>
         <value>0x2cd84</value>
         <object_component_ref idref="oc-27c"/>
      </symbol>
      <symbol id="sm-494">
         <name>armBitRevIndexTable2048</name>
         <value>0x26044</value>
         <object_component_ref idref="oc-282"/>
      </symbol>
      <symbol id="sm-495">
         <name>twiddleCoef_16_q31</name>
         <value>0x33354</value>
         <object_component_ref idref="oc-28b"/>
      </symbol>
      <symbol id="sm-496">
         <name>armBitRevIndexTable_fixed_256</name>
         <value>0x32604</value>
         <object_component_ref idref="oc-2a6"/>
      </symbol>
      <symbol id="sm-497">
         <name>twiddleCoef_2048</name>
         <value>0x16144</value>
         <object_component_ref idref="oc-27f"/>
      </symbol>
      <symbol id="sm-498">
         <name>twiddleCoef_128_q15</name>
         <value>0x32b34</value>
         <object_component_ref idref="oc-2ca"/>
      </symbol>
      <symbol id="sm-499">
         <name>twiddleCoef_16_q15</name>
         <value>0x33444</value>
         <object_component_ref idref="oc-2c1"/>
      </symbol>
      <symbol id="sm-49a">
         <name>twiddleCoef_128_q31</name>
         <value>0x31e04</value>
         <object_component_ref idref="oc-29d"/>
      </symbol>
      <symbol id="sm-49b">
         <name>twiddleCoef_2048_q15</name>
         <value>0x29604</value>
         <object_component_ref idref="oc-2d6"/>
      </symbol>
      <symbol id="sm-49c">
         <name>armBitRevIndexTable_fixed_16</name>
         <value>0x334c0</value>
         <object_component_ref idref="oc-28e"/>
      </symbol>
      <symbol id="sm-49d">
         <name>twiddleCoef_2048_q31</name>
         <value>0x1a144</value>
         <object_component_ref idref="oc-2b5"/>
      </symbol>
      <symbol id="sm-49e">
         <name>armBitRevIndexTable_fixed_32</name>
         <value>0x33414</value>
         <object_component_ref idref="oc-294"/>
      </symbol>
      <symbol id="sm-49f">
         <name>twiddleCoef_256</name>
         <value>0x2f394</value>
         <object_component_ref idref="oc-26d"/>
      </symbol>
      <symbol id="sm-4a0">
         <name>twiddleCoef_64_q31</name>
         <value>0x32cb4</value>
         <object_component_ref idref="oc-297"/>
      </symbol>
      <symbol id="sm-4a1">
         <name>armBitRevIndexTable_fixed_1024</name>
         <value>0x2fb94</value>
         <object_component_ref idref="oc-2b2"/>
      </symbol>
      <symbol id="sm-4a2">
         <name>armBitRevIndexTable_fixed_4096</name>
         <value>0x240c4</value>
         <object_component_ref idref="oc-2be"/>
      </symbol>
      <symbol id="sm-4a3">
         <name>twiddleCoef_64_q15</name>
         <value>0x330d4</value>
         <object_component_ref idref="oc-2c7"/>
      </symbol>
      <symbol id="sm-4a4">
         <name>armBitRevIndexTable4096</name>
         <value>0x22144</value>
         <object_component_ref idref="oc-288"/>
      </symbol>
      <symbol id="sm-4a5">
         <name>twiddleCoef_32</name>
         <value>0x32e34</value>
         <object_component_ref idref="oc-25b"/>
      </symbol>
      <symbol id="sm-4a6">
         <name>armBitRevIndexTable_fixed_64</name>
         <value>0x33284</value>
         <object_component_ref idref="oc-29a"/>
      </symbol>
      <symbol id="sm-4a7">
         <name>armBitRevIndexTable_fixed_128</name>
         <value>0x32f34</value>
         <object_component_ref idref="oc-2a0"/>
      </symbol>
      <symbol id="sm-4a8">
         <name>twiddleCoef_16</name>
         <value>0x33194</value>
         <object_component_ref idref="oc-255"/>
      </symbol>
      <symbol id="sm-4a9">
         <name>twiddleCoef_4096_q15</name>
         <value>0x1d144</value>
         <object_component_ref idref="oc-2d9"/>
      </symbol>
      <symbol id="sm-4aa">
         <name>twiddleCoef_1024</name>
         <value>0x20144</value>
         <object_component_ref idref="oc-279"/>
      </symbol>
      <symbol id="sm-4ab">
         <name>armBitRevIndexTable_fixed_512</name>
         <value>0x31354</value>
         <object_component_ref idref="oc-2ac"/>
      </symbol>
      <symbol id="sm-4ac">
         <name>twiddleCoef_128</name>
         <value>0x30f54</value>
         <object_component_ref idref="oc-267"/>
      </symbol>
      <symbol id="sm-4ad">
         <name>twiddleCoef_4096_q31</name>
         <value>0x8144</value>
         <object_component_ref idref="oc-2bb"/>
      </symbol>
      <symbol id="sm-4ae">
         <name>twiddleCoef_32_q31</name>
         <value>0x33014</value>
         <object_component_ref idref="oc-291"/>
      </symbol>
      <symbol id="sm-4af">
         <name>twiddleCoef_64</name>
         <value>0x32404</value>
         <object_component_ref idref="oc-261"/>
      </symbol>
      <symbol id="sm-4b0">
         <name>armBitRevIndexTable128</name>
         <value>0x32994</value>
         <object_component_ref idref="oc-26a"/>
      </symbol>
      <symbol id="sm-4b1">
         <name>twiddleCoef_4096</name>
         <value>0x144</value>
         <object_component_ref idref="oc-285"/>
      </symbol>
      <symbol id="sm-4b2">
         <name>twiddleCoef_32_q15</name>
         <value>0x333b4</value>
         <object_component_ref idref="oc-2c4"/>
      </symbol>
      <symbol id="sm-4b3">
         <name>twiddleCoef_512</name>
         <value>0x2ae04</value>
         <object_component_ref idref="oc-273"/>
      </symbol>
      <symbol id="sm-4b4">
         <name>armBitRevIndexTable512</name>
         <value>0x31714</value>
         <object_component_ref idref="oc-276"/>
      </symbol>
      <symbol id="sm-4b5">
         <name>armBitRevIndexTable16</name>
         <value>0x33474</value>
         <object_component_ref idref="oc-258"/>
      </symbol>
      <symbol id="sm-4b6">
         <name>armBitRevIndexTable32</name>
         <value>0x332f4</value>
         <object_component_ref idref="oc-25e"/>
      </symbol>
      <symbol id="sm-4b7">
         <name>twiddleCoef_256_q15</name>
         <value>0x32104</value>
         <object_component_ref idref="oc-2cd"/>
      </symbol>
      <symbol id="sm-4b8">
         <name>twiddleCoef_256_q31</name>
         <value>0x30354</value>
         <object_component_ref idref="oc-2a3"/>
      </symbol>
      <symbol id="sm-4b9">
         <name>twiddleCoef_1024_q15</name>
         <value>0x2db94</value>
         <object_component_ref idref="oc-2d3"/>
      </symbol>
      <symbol id="sm-4ba">
         <name>armBitRevIndexTable64</name>
         <value>0x33214</value>
         <object_component_ref idref="oc-264"/>
      </symbol>
      <symbol id="sm-4bb">
         <name>twiddleCoef_1024_q31</name>
         <value>0x27e04</value>
         <object_component_ref idref="oc-2af"/>
      </symbol>
      <symbol id="sm-4bc">
         <name>armBitRevIndexTable_fixed_2048</name>
         <value>0x2be04</value>
         <object_component_ref idref="oc-2b8"/>
      </symbol>
      <symbol id="sm-4bd">
         <name>armBitRevIndexTable256</name>
         <value>0x31a94</value>
         <object_component_ref idref="oc-270"/>
      </symbol>
      <symbol id="sm-4be">
         <name>twiddleCoef_512_q15</name>
         <value>0x30954</value>
         <object_component_ref idref="oc-2d0"/>
      </symbol>
      <symbol id="sm-4bf">
         <name>twiddleCoef_512_q31</name>
         <value>0x2e794</value>
         <object_component_ref idref="oc-2a9"/>
      </symbol>
      <symbol id="sm-4cb">
         <name>arm_bitreversal_32</name>
         <value>0x34531</value>
         <object_component_ref idref="oc-2fa"/>
      </symbol>
      <symbol id="sm-4cc">
         <name>arm_bitreversal_16</name>
         <value>0x3459b</value>
         <object_component_ref idref="oc-2fa"/>
      </symbol>
      <symbol id="sm-4dc">
         <name>sqrtf</name>
         <value>0x350a1</value>
         <object_component_ref idref="oc-15d"/>
      </symbol>
      <symbol id="sm-4f0">
         <name>cosf</name>
         <value>0x346ad</value>
         <object_component_ref idref="oc-141"/>
      </symbol>
      <symbol id="sm-507">
         <name>__aeabi_dsub</name>
         <value>0x33d91</value>
         <object_component_ref idref="oc-14c"/>
      </symbol>
      <symbol id="sm-508">
         <name>__aeabi_dadd</name>
         <value>0x33d9b</value>
         <object_component_ref idref="oc-14c"/>
      </symbol>
      <symbol id="sm-513">
         <name>__aeabi_dmul</name>
         <value>0x340d1</value>
         <object_component_ref idref="oc-93"/>
      </symbol>
      <symbol id="sm-51f">
         <name>__aeabi_d2f</name>
         <value>0x34d0d</value>
         <object_component_ref idref="oc-98"/>
      </symbol>
      <symbol id="sm-52a">
         <name>__aeabi_f2d</name>
         <value>0x34fc1</value>
         <object_component_ref idref="oc-147"/>
      </symbol>
      <symbol id="sm-534">
         <name>__aeabi_ui2d</name>
         <value>0x35111</value>
         <object_component_ref idref="oc-8e"/>
      </symbol>
      <symbol id="sm-54b">
         <name>__TI_zero_init</name>
         <value>0x35189</value>
         <object_component_ref idref="oc-66"/>
      </symbol>
      <symbol id="sm-562">
         <name>__TI_decompress_none</name>
         <value>0x3516d</value>
         <object_component_ref idref="oc-19"/>
      </symbol>
      <symbol id="sm-585">
         <name>__TI_decompress_lzss</name>
         <value>0x34de7</value>
         <object_component_ref idref="oc-13"/>
      </symbol>
      <symbol id="sm-598">
         <name>__stack</name>
         <value>0x2000fe00</value>
         <object_component_ref idref="oc-22"/>
      </symbol>
      <symbol id="sm-599">
         <name>_c_int00_noargs</name>
         <value>0x34f89</value>
         <object_component_ref idref="oc-72"/>
      </symbol>
      <symbol id="sm-5af">
         <name>__aeabi_errno_addr</name>
         <value>0x351ad</value>
         <object_component_ref idref="oc-20e"/>
      </symbol>
      <symbol id="sm-5b0">
         <name>errno</name>
         <value>0x20002058</value>
         <object_component_ref idref="oc-304"/>
      </symbol>
      <symbol id="sm-5bb">
         <name>C$$EXIT</name>
         <value>0x351bd</value>
         <object_component_ref idref="oc-173"/>
      </symbol>
      <symbol id="sm-5bc">
         <name>abort</name>
         <value>0x351bd</value>
         <object_component_ref idref="oc-173"/>
      </symbol>
      <symbol id="sm-5d1">
         <name>_sys_memory</name>
         <value>0x20001c10</value>
         <object_component_ref idref="oc-25"/>
      </symbol>
      <symbol id="sm-5ee">
         <name>memcpy</name>
         <value>0x34a01</value>
         <object_component_ref idref="oc-54"/>
      </symbol>
      <symbol id="sm-5ef">
         <name>__aeabi_memcpy</name>
         <value>0x34a01</value>
         <object_component_ref idref="oc-54"/>
      </symbol>
      <symbol id="sm-5f0">
         <name>__aeabi_memcpy8</name>
         <value>0x34a01</value>
         <object_component_ref idref="oc-54"/>
      </symbol>
      <symbol id="sm-5f1">
         <name>__aeabi_memcpy4</name>
         <value>0x34a01</value>
         <object_component_ref idref="oc-54"/>
      </symbol>
      <symbol id="sm-600">
         <name>__aeabi_memset</name>
         <value>0x34c1b</value>
         <object_component_ref idref="oc-d2"/>
      </symbol>
      <symbol id="sm-601">
         <name>memset</name>
         <value>0x34c21</value>
         <object_component_ref idref="oc-d2"/>
      </symbol>
      <symbol id="sm-602">
         <name>__aeabi_memset8</name>
         <value>0x34c1b</value>
         <object_component_ref idref="oc-d2"/>
      </symbol>
      <symbol id="sm-603">
         <name>__aeabi_memset4</name>
         <value>0x34c1b</value>
         <object_component_ref idref="oc-d2"/>
      </symbol>
      <symbol id="sm-604">
         <name>__aeabi_memclr8</name>
         <value>0x34c19</value>
         <object_component_ref idref="oc-d2"/>
      </symbol>
      <symbol id="sm-605">
         <name>__aeabi_memclr4</name>
         <value>0x34c19</value>
         <object_component_ref idref="oc-d2"/>
      </symbol>
      <symbol id="sm-606">
         <name>__aeabi_memclr</name>
         <value>0x34c19</value>
         <object_component_ref idref="oc-d2"/>
      </symbol>
      <symbol id="sm-62e">
         <name>__TI_auto_init_nobinit_nopinit</name>
         <value>0x34f45</value>
         <object_component_ref idref="oc-17f"/>
      </symbol>
      <symbol id="sm-638">
         <name>_system_pre_init</name>
         <value>0x351b9</value>
         <object_component_ref idref="oc-d8"/>
      </symbol>
      <symbol id="sm-63a">
         <name>__TI_static_base__</name>
         <value>0x0</value>
      </symbol>
      <symbol id="sm-63d">
         <name>__mpu_init</name>
         <value>0x0</value>
      </symbol>
      <symbol id="sm-63e">
         <name>_system_post_cinit</name>
         <value>0x0</value>
      </symbol>
   </symbol_table>
   <title>Link successful</title>
</link_info>
