<?xml version="1.0" encoding="ISO-8859-1" ?>
<link_info>
   <banner>TI ARM Linker PC v18.1.1.LTS</banner>
   <copyright>Copyright (c) 1996-2017 Texas Instruments Incorporated</copyright>
   <link_time>0x5ae7663b</link_time>
   <link_errors>0x0</link_errors>
   <output_file>BOOSTXL-EDUMKII_MicrophoneFFT_MSP432P401R.out</output_file>
   <entry_point>
      <name>_c_int00_noargs</name>
      <address>0x34f35</address>
   </entry_point>
   <input_file_list>
      <input_file id="fl-2">
         <path>.\</path>
         <kind>object</kind>
         <file>main.obj</file>
         <name>main.obj</name>
      </input_file>
      <input_file id="fl-3">
         <path>.\</path>
         <kind>object</kind>
         <file>msp432_startup_ccs.obj</file>
         <name>msp432_startup_ccs.obj</name>
      </input_file>
      <input_file id="fl-4">
         <path>.\</path>
         <kind>object</kind>
         <file>periph_config.obj</file>
         <name>periph_config.obj</name>
      </input_file>
      <input_file id="fl-5">
         <path>.\GrLib\fonts\</path>
         <kind>object</kind>
         <file>fontfixed6x8.obj</file>
         <name>fontfixed6x8.obj</name>
      </input_file>
      <input_file id="fl-6">
         <path>.\GrLib\grlib\</path>
         <kind>object</kind>
         <file>button.obj</file>
         <name>button.obj</name>
      </input_file>
      <input_file id="fl-7">
         <path>.\GrLib\grlib\</path>
         <kind>object</kind>
         <file>checkbox.obj</file>
         <name>checkbox.obj</name>
      </input_file>
      <input_file id="fl-8">
         <path>.\GrLib\grlib\</path>
         <kind>object</kind>
         <file>circle.obj</file>
         <name>circle.obj</name>
      </input_file>
      <input_file id="fl-9">
         <path>.\GrLib\grlib\</path>
         <kind>object</kind>
         <file>context.obj</file>
         <name>context.obj</name>
      </input_file>
      <input_file id="fl-a">
         <path>.\GrLib\grlib\</path>
         <kind>object</kind>
         <file>display.obj</file>
         <name>display.obj</name>
      </input_file>
      <input_file id="fl-b">
         <path>.\GrLib\grlib\</path>
         <kind>object</kind>
         <file>image.obj</file>
         <name>image.obj</name>
      </input_file>
      <input_file id="fl-c">
         <path>.\GrLib\grlib\</path>
         <kind>object</kind>
         <file>imageButton.obj</file>
         <name>imageButton.obj</name>
      </input_file>
      <input_file id="fl-d">
         <path>.\GrLib\grlib\</path>
         <kind>object</kind>
         <file>line.obj</file>
         <name>line.obj</name>
      </input_file>
      <input_file id="fl-e">
         <path>.\GrLib\grlib\</path>
         <kind>object</kind>
         <file>radioButton.obj</file>
         <name>radioButton.obj</name>
      </input_file>
      <input_file id="fl-f">
         <path>.\GrLib\grlib\</path>
         <kind>object</kind>
         <file>rectangle.obj</file>
         <name>rectangle.obj</name>
      </input_file>
      <input_file id="fl-10">
         <path>.\GrLib\grlib\</path>
         <kind>object</kind>
         <file>string.obj</file>
         <name>string.obj</name>
      </input_file>
      <input_file id="fl-11">
         <path>.\LcdDriver\</path>
         <kind>object</kind>
         <file>Crystalfontz128x128_ST7735.obj</file>
         <name>Crystalfontz128x128_ST7735.obj</name>
      </input_file>
      <input_file id="fl-12">
         <path>.\LcdDriver\</path>
         <kind>object</kind>
         <file>HAL_MSP_EXP432P401R_Crystalfontz128x128_ST7735.obj</file>
         <name>HAL_MSP_EXP432P401R_Crystalfontz128x128_ST7735.obj</name>
      </input_file>
      <input_file id="fl-13">
         <path>.\driverlib\MSP432P4xx\</path>
         <kind>object</kind>
         <file>adc14.obj</file>
         <name>adc14.obj</name>
      </input_file>
      <input_file id="fl-14">
         <path>.\driverlib\MSP432P4xx\</path>
         <kind>object</kind>
         <file>aes256.obj</file>
         <name>aes256.obj</name>
      </input_file>
      <input_file id="fl-15">
         <path>.\driverlib\MSP432P4xx\</path>
         <kind>object</kind>
         <file>comp_e.obj</file>
         <name>comp_e.obj</name>
      </input_file>
      <input_file id="fl-16">
         <path>.\driverlib\MSP432P4xx\</path>
         <kind>object</kind>
         <file>cpu.obj</file>
         <name>cpu.obj</name>
      </input_file>
      <input_file id="fl-17">
         <path>.\driverlib\MSP432P4xx\</path>
         <kind>object</kind>
         <file>crc32.obj</file>
         <name>crc32.obj</name>
      </input_file>
      <input_file id="fl-18">
         <path>.\driverlib\MSP432P4xx\</path>
         <kind>object</kind>
         <file>cs.obj</file>
         <name>cs.obj</name>
      </input_file>
      <input_file id="fl-19">
         <path>.\driverlib\MSP432P4xx\</path>
         <kind>object</kind>
         <file>dma.obj</file>
         <name>dma.obj</name>
      </input_file>
      <input_file id="fl-1a">
         <path>.\driverlib\MSP432P4xx\</path>
         <kind>object</kind>
         <file>flash.obj</file>
         <name>flash.obj</name>
      </input_file>
      <input_file id="fl-1b">
         <path>.\driverlib\MSP432P4xx\</path>
         <kind>object</kind>
         <file>fpu.obj</file>
         <name>fpu.obj</name>
      </input_file>
      <input_file id="fl-1c">
         <path>.\driverlib\MSP432P4xx\</path>
         <kind>object</kind>
         <file>gpio.obj</file>
         <name>gpio.obj</name>
      </input_file>
      <input_file id="fl-1d">
         <path>.\driverlib\MSP432P4xx\</path>
         <kind>object</kind>
         <file>i2c.obj</file>
         <name>i2c.obj</name>
      </input_file>
      <input_file id="fl-1e">
         <path>.\driverlib\MSP432P4xx\</path>
         <kind>object</kind>
         <file>interrupt.obj</file>
         <name>interrupt.obj</name>
      </input_file>
      <input_file id="fl-1f">
         <path>.\driverlib\MSP432P4xx\</path>
         <kind>object</kind>
         <file>mpu.obj</file>
         <name>mpu.obj</name>
      </input_file>
      <input_file id="fl-20">
         <path>.\driverlib\MSP432P4xx\</path>
         <kind>object</kind>
         <file>pcm.obj</file>
         <name>pcm.obj</name>
      </input_file>
      <input_file id="fl-21">
         <path>.\driverlib\MSP432P4xx\</path>
         <kind>object</kind>
         <file>pmap.obj</file>
         <name>pmap.obj</name>
      </input_file>
      <input_file id="fl-22">
         <path>.\driverlib\MSP432P4xx\</path>
         <kind>object</kind>
         <file>pss.obj</file>
         <name>pss.obj</name>
      </input_file>
      <input_file id="fl-23">
         <path>.\driverlib\MSP432P4xx\</path>
         <kind>object</kind>
         <file>ref_a.obj</file>
         <name>ref_a.obj</name>
      </input_file>
      <input_file id="fl-24">
         <path>.\driverlib\MSP432P4xx\</path>
         <kind>object</kind>
         <file>reset.obj</file>
         <name>reset.obj</name>
      </input_file>
      <input_file id="fl-25">
         <path>.\driverlib\MSP432P4xx\</path>
         <kind>object</kind>
         <file>rtc_c.obj</file>
         <name>rtc_c.obj</name>
      </input_file>
      <input_file id="fl-26">
         <path>.\driverlib\MSP432P4xx\</path>
         <kind>object</kind>
         <file>spi.obj</file>
         <name>spi.obj</name>
      </input_file>
      <input_file id="fl-27">
         <path>.\driverlib\MSP432P4xx\</path>
         <kind>object</kind>
         <file>sysctl.obj</file>
         <name>sysctl.obj</name>
      </input_file>
      <input_file id="fl-28">
         <path>.\driverlib\MSP432P4xx\</path>
         <kind>object</kind>
         <file>systick.obj</file>
         <name>systick.obj</name>
      </input_file>
      <input_file id="fl-29">
         <path>.\driverlib\MSP432P4xx\</path>
         <kind>object</kind>
         <file>timer32.obj</file>
         <name>timer32.obj</name>
      </input_file>
      <input_file id="fl-2a">
         <path>.\driverlib\MSP432P4xx\</path>
         <kind>object</kind>
         <file>timer_a.obj</file>
         <name>timer_a.obj</name>
      </input_file>
      <input_file id="fl-2b">
         <path>.\driverlib\MSP432P4xx\</path>
         <kind>object</kind>
         <file>uart.obj</file>
         <name>uart.obj</name>
      </input_file>
      <input_file id="fl-2c">
         <path>.\driverlib\MSP432P4xx\</path>
         <kind>object</kind>
         <file>wdt_a.obj</file>
         <name>wdt_a.obj</name>
      </input_file>
      <input_file id="fl-35">
         <kind>object</kind>
         <file>&lt;internal&gt;</file>
         <name>&lt;internal&gt;</name>
      </input_file>
      <input_file id="fl-36">
         <path>..\</path>
         <kind>archive</kind>
         <file>dsplib-msp432.lib</file>
         <name>arm_rfft_init_q15.obj</name>
      </input_file>
      <input_file id="fl-37">
         <path>..\</path>
         <kind>archive</kind>
         <file>dsplib-msp432.lib</file>
         <name>arm_rfft_q15.obj</name>
      </input_file>
      <input_file id="fl-38">
         <path>..\</path>
         <kind>archive</kind>
         <file>dsplib-msp432.lib</file>
         <name>arm_max_q15.obj</name>
      </input_file>
      <input_file id="fl-39">
         <path>..\</path>
         <kind>archive</kind>
         <file>dsplib-msp432.lib</file>
         <name>arm_const_structs.obj</name>
      </input_file>
      <input_file id="fl-3a">
         <path>..\</path>
         <kind>archive</kind>
         <file>dsplib-msp432.lib</file>
         <name>arm_cfft_q15.obj</name>
      </input_file>
      <input_file id="fl-3b">
         <path>..\</path>
         <kind>archive</kind>
         <file>dsplib-msp432.lib</file>
         <name>arm_cfft_radix4_q15.obj</name>
      </input_file>
      <input_file id="fl-3c">
         <path>..\</path>
         <kind>archive</kind>
         <file>dsplib-msp432.lib</file>
         <name>arm_common_tables.obj</name>
      </input_file>
      <input_file id="fl-3d">
         <path>..\</path>
         <kind>archive</kind>
         <file>dsplib-msp432.lib</file>
         <name>arm_bitreversal.obj</name>
      </input_file>
      <input_file id="fl-3e">
         <path>..\</path>
         <kind>archive</kind>
         <file>dsplib-msp432.lib</file>
         <name>arm_bitreversal2.obj</name>
      </input_file>
      <input_file id="fl-f4">
         <path>C:\ti\ccsv8\tools\compiler\ti-cgt-arm_18.1.1.LTS\lib\</path>
         <kind>archive</kind>
         <file>rtsv7M4_T_le_v4SPD16_eabi.lib</file>
         <name>e_sqrtf.c.obj</name>
      </input_file>
      <input_file id="fl-f5">
         <path>C:\ti\ccsv8\tools\compiler\ti-cgt-arm_18.1.1.LTS\lib\</path>
         <kind>archive</kind>
         <file>rtsv7M4_T_le_v4SPD16_eabi.lib</file>
         <name>s_cosf.c.obj</name>
      </input_file>
      <input_file id="fl-f6">
         <path>C:\ti\ccsv8\tools\compiler\ti-cgt-arm_18.1.1.LTS\lib\</path>
         <kind>archive</kind>
         <file>rtsv7M4_T_le_v4SPD16_eabi.lib</file>
         <name>fd_add_t2.asm.obj</name>
      </input_file>
      <input_file id="fl-f7">
         <path>C:\ti\ccsv8\tools\compiler\ti-cgt-arm_18.1.1.LTS\lib\</path>
         <kind>archive</kind>
         <file>rtsv7M4_T_le_v4SPD16_eabi.lib</file>
         <name>fd_mul_t2.asm.obj</name>
      </input_file>
      <input_file id="fl-f8">
         <path>C:\ti\ccsv8\tools\compiler\ti-cgt-arm_18.1.1.LTS\lib\</path>
         <kind>archive</kind>
         <file>rtsv7M4_T_le_v4SPD16_eabi.lib</file>
         <name>fd_tos_t2.asm.obj</name>
      </input_file>
      <input_file id="fl-f9">
         <path>C:\ti\ccsv8\tools\compiler\ti-cgt-arm_18.1.1.LTS\lib\</path>
         <kind>archive</kind>
         <file>rtsv7M4_T_le_v4SPD16_eabi.lib</file>
         <name>fs_tod_t2.asm.obj</name>
      </input_file>
      <input_file id="fl-fa">
         <path>C:\ti\ccsv8\tools\compiler\ti-cgt-arm_18.1.1.LTS\lib\</path>
         <kind>archive</kind>
         <file>rtsv7M4_T_le_v4SPD16_eabi.lib</file>
         <name>u_tofd_t2.asm.obj</name>
      </input_file>
      <input_file id="fl-fb">
         <path>C:\ti\ccsv8\tools\compiler\ti-cgt-arm_18.1.1.LTS\lib\</path>
         <kind>archive</kind>
         <file>rtsv7M4_T_le_v4SPD16_eabi.lib</file>
         <name>copy_zero_init.c.obj</name>
      </input_file>
      <input_file id="fl-fc">
         <path>C:\ti\ccsv8\tools\compiler\ti-cgt-arm_18.1.1.LTS\lib\</path>
         <kind>archive</kind>
         <file>rtsv7M4_T_le_v4SPD16_eabi.lib</file>
         <name>copy_decompress_none.c.obj</name>
      </input_file>
      <input_file id="fl-fd">
         <path>C:\ti\ccsv8\tools\compiler\ti-cgt-arm_18.1.1.LTS\lib\</path>
         <kind>archive</kind>
         <file>rtsv7M4_T_le_v4SPD16_eabi.lib</file>
         <name>copy_decompress_lzss.c.obj</name>
      </input_file>
      <input_file id="fl-fe">
         <path>C:\ti\ccsv8\tools\compiler\ti-cgt-arm_18.1.1.LTS\lib\</path>
         <kind>archive</kind>
         <file>rtsv7M4_T_le_v4SPD16_eabi.lib</file>
         <name>boot_cortex_m.c.obj</name>
      </input_file>
      <input_file id="fl-ff">
         <path>C:\ti\ccsv8\tools\compiler\ti-cgt-arm_18.1.1.LTS\lib\</path>
         <kind>archive</kind>
         <file>rtsv7M4_T_le_v4SPD16_eabi.lib</file>
         <name>errno.c.obj</name>
      </input_file>
      <input_file id="fl-100">
         <path>C:\ti\ccsv8\tools\compiler\ti-cgt-arm_18.1.1.LTS\lib\</path>
         <kind>archive</kind>
         <file>rtsv7M4_T_le_v4SPD16_eabi.lib</file>
         <name>exit.c.obj</name>
      </input_file>
      <input_file id="fl-101">
         <path>C:\ti\ccsv8\tools\compiler\ti-cgt-arm_18.1.1.LTS\lib\</path>
         <kind>archive</kind>
         <file>rtsv7M4_T_le_v4SPD16_eabi.lib</file>
         <name>_lock.c.obj</name>
      </input_file>
      <input_file id="fl-102">
         <path>C:\ti\ccsv8\tools\compiler\ti-cgt-arm_18.1.1.LTS\lib\</path>
         <kind>archive</kind>
         <file>rtsv7M4_T_le_v4SPD16_eabi.lib</file>
         <name>args_main.c.obj</name>
      </input_file>
      <input_file id="fl-103">
         <path>C:\ti\ccsv8\tools\compiler\ti-cgt-arm_18.1.1.LTS\lib\</path>
         <kind>archive</kind>
         <file>rtsv7M4_T_le_v4SPD16_eabi.lib</file>
         <name>memcpy_t2.asm.obj</name>
      </input_file>
      <input_file id="fl-104">
         <path>C:\ti\ccsv8\tools\compiler\ti-cgt-arm_18.1.1.LTS\lib\</path>
         <kind>archive</kind>
         <file>rtsv7M4_T_le_v4SPD16_eabi.lib</file>
         <name>memset_t2.asm.obj</name>
      </input_file>
      <input_file id="fl-105">
         <path>C:\ti\ccsv8\tools\compiler\ti-cgt-arm_18.1.1.LTS\lib\</path>
         <kind>archive</kind>
         <file>rtsv7M4_T_le_v4SPD16_eabi.lib</file>
         <name>autoinit.c.obj</name>
      </input_file>
      <input_file id="fl-106">
         <path>C:\ti\ccsv8\tools\compiler\ti-cgt-arm_18.1.1.LTS\lib\</path>
         <kind>archive</kind>
         <file>rtsv7M4_T_le_v4SPD16_eabi.lib</file>
         <name>pre_init.c.obj</name>
      </input_file>
      <input_file id="fl-107">
         <path>C:\ti\ccsv8\tools\compiler\ti-cgt-arm_18.1.1.LTS\lib\</path>
         <kind>archive</kind>
         <file>rtsv7M4_T_le_v4SPD16_eabi.lib</file>
         <name>cpy_tbl.c.obj</name>
      </input_file>
   </input_file_list>
   <object_component_list>
      <object_component id="oc-10">
         <name>.intvecs</name>
         <load_address>0x0</load_address>
         <run_address>0x0</run_address>
         <size>0x144</size>
         <input_file_ref idref="fl-3"/>
      </object_component>
      <object_component id="oc-2d9">
         <name>.text:arm_radix4_butterfly_inverse_q15</name>
         <load_address>0x334b4</load_address>
         <run_address>0x334b4</run_address>
         <size>0x33c</size>
         <input_file_ref idref="fl-3b"/>
      </object_component>
      <object_component id="oc-2cd">
         <name>.text:arm_radix4_butterfly_q15</name>
         <load_address>0x337f0</load_address>
         <run_address>0x337f0</run_address>
         <size>0x33c</size>
         <input_file_ref idref="fl-3b"/>
      </object_component>
      <object_component id="oc-133">
         <name>.text</name>
         <load_address>0x33b2c</load_address>
         <run_address>0x33b2c</run_address>
         <size>0x1b6</size>
         <input_file_ref idref="fl-f6"/>
      </object_component>
      <object_component id="oc-37">
         <name>.text:defaultISR</name>
         <load_address>0x33ce2</load_address>
         <run_address>0x33ce2</run_address>
         <size>0x2</size>
         <input_file_ref idref="fl-3"/>
      </object_component>
      <object_component id="oc-d7">
         <name>.text:main</name>
         <load_address>0x33ce4</load_address>
         <run_address>0x33ce4</run_address>
         <size>0x194</size>
         <input_file_ref idref="fl-2"/>
      </object_component>
      <object_component id="oc-229">
         <name>.text:__PCM_setPowerStateAdvanced</name>
         <load_address>0x33e78</load_address>
         <run_address>0x33e78</run_address>
         <size>0x18a</size>
         <input_file_ref idref="fl-20"/>
      </object_component>
      <object_component id="oc-8c">
         <name>.text</name>
         <load_address>0x34002</load_address>
         <run_address>0x34002</run_address>
         <size>0xfc</size>
         <input_file_ref idref="fl-f7"/>
      </object_component>
      <object_component id="oc-31">
         <name>.text:faultISR</name>
         <load_address>0x340fe</load_address>
         <run_address>0x340fe</run_address>
         <size>0x2</size>
         <input_file_ref idref="fl-3"/>
      </object_component>
      <object_component id="oc-345">
         <name>.text:__PCM_setPowerModeAdvanced</name>
         <load_address>0x34100</load_address>
         <run_address>0x34100</run_address>
         <size>0xe4</size>
         <input_file_ref idref="fl-20"/>
      </object_component>
      <object_component id="oc-1ac">
         <name>.text:CS_initClockSignal</name>
         <load_address>0x341e4</load_address>
         <run_address>0x341e4</run_address>
         <size>0xe0</size>
         <input_file_ref idref="fl-18"/>
      </object_component>
      <object_component id="oc-1eb">
         <name>.text:arm_split_rfft_q15</name>
         <load_address>0x342c4</load_address>
         <run_address>0x342c4</run_address>
         <size>0xdc</size>
         <input_file_ref idref="fl-37"/>
      </object_component>
      <object_component id="oc-138">
         <name>.text:arm_rfft_init_q15</name>
         <load_address>0x343a0</load_address>
         <run_address>0x343a0</run_address>
         <size>0xc4</size>
         <input_file_ref idref="fl-36"/>
      </object_component>
      <object_component id="oc-2e5">
         <name>.text</name>
         <load_address>0x34464</load_address>
         <run_address>0x34464</run_address>
         <size>0xc0</size>
         <input_file_ref idref="fl-3e"/>
      </object_component>
      <object_component id="oc-1e5">
         <name>.text:arm_cfft_q15</name>
         <load_address>0x34524</load_address>
         <run_address>0x34524</run_address>
         <size>0xba</size>
         <input_file_ref idref="fl-3a"/>
      </object_component>
      <object_component id="oc-2b">
         <name>.text:nmiISR</name>
         <load_address>0x345de</load_address>
         <run_address>0x345de</run_address>
         <size>0x2</size>
         <input_file_ref idref="fl-3"/>
      </object_component>
      <object_component id="oc-128">
         <name>.text:cosf</name>
         <load_address>0x345e0</load_address>
         <run_address>0x345e0</run_address>
         <size>0xb4</size>
         <input_file_ref idref="fl-f5"/>
      </object_component>
      <object_component id="oc-21d">
         <name>.text:__PCM_setCoreVoltageLevelAdvanced</name>
         <load_address>0x34694</load_address>
         <run_address>0x34694</run_address>
         <size>0xb0</size>
         <input_file_ref idref="fl-20"/>
      </object_component>
      <object_component id="oc-3d">
         <name>.text:ADC14_IRQHandler</name>
         <load_address>0x34744</load_address>
         <run_address>0x34744</run_address>
         <size>0xa8</size>
         <input_file_ref idref="fl-2"/>
      </object_component>
      <object_component id="oc-2df">
         <name>.text:arm_cfft_radix4by2_inverse_q15</name>
         <load_address>0x347ec</load_address>
         <run_address>0x347ec</run_address>
         <size>0xa4</size>
         <input_file_ref idref="fl-3a"/>
      </object_component>
      <object_component id="oc-2d3">
         <name>.text:arm_cfft_radix4by2_q15</name>
         <load_address>0x34890</load_address>
         <run_address>0x34890</run_address>
         <size>0xa4</size>
         <input_file_ref idref="fl-3a"/>
      </object_component>
      <object_component id="oc-51">
         <name>.text</name>
         <load_address>0x34934</load_address>
         <run_address>0x34934</run_address>
         <size>0x9c</size>
         <input_file_ref idref="fl-103"/>
      </object_component>
      <object_component id="oc-122">
         <name>.text:configureADC</name>
         <load_address>0x349d0</load_address>
         <run_address>0x349d0</run_address>
         <size>0x86</size>
         <input_file_ref idref="fl-4"/>
      </object_component>
      <object_component id="oc-1df">
         <name>.text:arm_split_rifft_q15</name>
         <load_address>0x34a56</load_address>
         <run_address>0x34a56</run_address>
         <size>0x7e</size>
         <input_file_ref idref="fl-37"/>
      </object_component>
      <object_component id="oc-11c">
         <name>.text:configureGPIO</name>
         <load_address>0x34ad4</load_address>
         <run_address>0x34ad4</run_address>
         <size>0x7c</size>
         <input_file_ref idref="fl-4"/>
      </object_component>
      <object_component id="oc-14a">
         <name>.text:arm_max_q15</name>
         <load_address>0x34b50</load_address>
         <run_address>0x34b50</run_address>
         <size>0x7a</size>
         <input_file_ref idref="fl-38"/>
      </object_component>
      <object_component id="oc-cb">
         <name>.text</name>
         <load_address>0x34bca</load_address>
         <run_address>0x34bca</run_address>
         <size>0x7a</size>
         <input_file_ref idref="fl-104"/>
      </object_component>
      <object_component id="oc-333">
         <name>.text:PCM_gotoLPM3</name>
         <load_address>0x34c44</load_address>
         <run_address>0x34c44</run_address>
         <size>0x78</size>
         <input_file_ref idref="fl-20"/>
      </object_component>
      <object_component id="oc-91">
         <name>.text</name>
         <load_address>0x34cbc</load_address>
         <run_address>0x34cbc</run_address>
         <size>0x6e</size>
         <input_file_ref idref="fl-f8"/>
      </object_component>
      <object_component id="oc-13e">
         <name>.text:arm_rfft_q15</name>
         <load_address>0x34d2a</load_address>
         <run_address>0x34d2a</run_address>
         <size>0x6c</size>
         <input_file_ref idref="fl-37"/>
      </object_component>
      <object_component id="oc-13">
         <name>.text:decompress:lzss:__TI_decompress_lzss</name>
         <load_address>0x34d96</load_address>
         <run_address>0x34d96</run_address>
         <size>0x68</size>
         <input_file_ref idref="fl-fd"/>
      </object_component>
      <object_component id="oc-116">
         <name>.text:configureClocks</name>
         <load_address>0x34dfe</load_address>
         <run_address>0x34dfe</run_address>
         <size>0x52</size>
         <input_file_ref idref="fl-4"/>
      </object_component>
      <object_component id="oc-1bf">
         <name>.text:GPIO_setAsPeripheralModuleFunctionInputPin</name>
         <load_address>0x34e50</load_address>
         <run_address>0x34e50</run_address>
         <size>0x50</size>
         <input_file_ref idref="fl-1c"/>
      </object_component>
      <object_component id="oc-33f">
         <name>.text:PCM_shutdownDevice</name>
         <load_address>0x34ea0</load_address>
         <run_address>0x34ea0</run_address>
         <size>0x50</size>
         <input_file_ref idref="fl-20"/>
      </object_component>
      <object_component id="oc-162">
         <name>.text:__TI_auto_init_nobinit_nopinit:__TI_auto_init_nobinit_nopinit</name>
         <load_address>0x34ef0</load_address>
         <run_address>0x34ef0</run_address>
         <size>0x44</size>
         <input_file_ref idref="fl-105"/>
      </object_component>
      <object_component id="oc-6f">
         <name>.text:_c_int00_noargs:_c_int00_noargs</name>
         <load_address>0x34f34</load_address>
         <run_address>0x34f34</run_address>
         <size>0x38</size>
         <input_file_ref idref="fl-fe"/>
      </object_component>
      <object_component id="oc-12e">
         <name>.text</name>
         <load_address>0x34f6c</load_address>
         <run_address>0x34f6c</run_address>
         <size>0x38</size>
         <input_file_ref idref="fl-f9"/>
      </object_component>
      <object_component id="oc-31f">
         <name>.text:PCM_getCoreVoltageLevel</name>
         <load_address>0x34fa4</load_address>
         <run_address>0x34fa4</run_address>
         <size>0x2c</size>
         <input_file_ref idref="fl-20"/>
      </object_component>
      <object_component id="oc-319">
         <name>.text:PCM_getPowerMode</name>
         <load_address>0x34fd0</load_address>
         <run_address>0x34fd0</run_address>
         <size>0x2a</size>
         <input_file_ref idref="fl-20"/>
      </object_component>
      <object_component id="oc-1a0">
         <name>.text:FlashCtl_setWaitState</name>
         <load_address>0x34ffc</load_address>
         <run_address>0x34ffc</run_address>
         <size>0x28</size>
         <input_file_ref idref="fl-1a"/>
      </object_component>
      <object_component id="oc-34b">
         <name>.text:PCM_gotoLPM0</name>
         <load_address>0x35024</load_address>
         <run_address>0x35024</run_address>
         <size>0x28</size>
         <input_file_ref idref="fl-20"/>
      </object_component>
      <object_component id="oc-144">
         <name>.text:sqrtf</name>
         <load_address>0x3504c</load_address>
         <run_address>0x3504c</run_address>
         <size>0x28</size>
         <input_file_ref idref="fl-f4"/>
      </object_component>
      <object_component id="oc-1a6">
         <name>.text:CS_setDCOCenteredFrequency</name>
         <load_address>0x35074</load_address>
         <run_address>0x35074</run_address>
         <size>0x24</size>
         <input_file_ref idref="fl-18"/>
      </object_component>
      <object_component id="oc-1b3">
         <name>.text:GPIO_setAsOutputPin</name>
         <load_address>0x35098</load_address>
         <run_address>0x35098</run_address>
         <size>0x24</size>
         <input_file_ref idref="fl-1c"/>
      </object_component>
      <object_component id="oc-3ea">
         <name>.text:RTC_C_holdClock</name>
         <load_address>0x350bc</load_address>
         <run_address>0x350bc</run_address>
         <size>0x24</size>
         <input_file_ref idref="fl-25"/>
      </object_component>
      <object_component id="oc-87">
         <name>.text</name>
         <load_address>0x350e0</load_address>
         <run_address>0x350e0</run_address>
         <size>0x20</size>
         <input_file_ref idref="fl-fa"/>
      </object_component>
      <object_component id="oc-1b9">
         <name>.text:GPIO_setOutputLowOnPin</name>
         <load_address>0x35100</load_address>
         <run_address>0x35100</run_address>
         <size>0x18</size>
         <input_file_ref idref="fl-1c"/>
      </object_component>
      <object_component id="oc-3e4">
         <name>.text:WDT_A_holdTimer</name>
         <load_address>0x35118</load_address>
         <run_address>0x35118</run_address>
         <size>0x18</size>
         <input_file_ref idref="fl-2c"/>
      </object_component>
      <object_component id="oc-25">
         <name>.text:resetISR</name>
         <load_address>0x35130</load_address>
         <run_address>0x35130</run_address>
         <size>0x14</size>
         <input_file_ref idref="fl-3"/>
      </object_component>
      <object_component id="oc-339">
         <name>.text:PCM_gotoLPM4</name>
         <load_address>0x35144</load_address>
         <run_address>0x35144</run_address>
         <size>0x10</size>
         <input_file_ref idref="fl-20"/>
      </object_component>
      <object_component id="oc-19">
         <name>.text:decompress:none:__TI_decompress_none</name>
         <load_address>0x35154</load_address>
         <run_address>0x35154</run_address>
         <size>0xe</size>
         <input_file_ref idref="fl-fc"/>
      </object_component>
      <object_component id="oc-325">
         <name>.text:PCM_getPowerState</name>
         <load_address>0x35164</load_address>
         <run_address>0x35164</run_address>
         <size>0xc</size>
         <input_file_ref idref="fl-20"/>
      </object_component>
      <object_component id="oc-63">
         <name>.text:decompress:ZI:__TI_zero_init</name>
         <load_address>0x35170</load_address>
         <run_address>0x35170</run_address>
         <size>0xc</size>
         <input_file_ref idref="fl-fb"/>
      </object_component>
      <object_component id="oc-194">
         <name>.text:PCM_setCoreVoltageLevel</name>
         <load_address>0x3517c</load_address>
         <run_address>0x3517c</run_address>
         <size>0x8</size>
         <input_file_ref idref="fl-20"/>
      </object_component>
      <object_component id="oc-32b">
         <name>.text:PCM_setPowerMode</name>
         <load_address>0x35184</load_address>
         <run_address>0x35184</run_address>
         <size>0x8</size>
         <input_file_ref idref="fl-20"/>
      </object_component>
      <object_component id="oc-19a">
         <name>.text:PCM_setPowerState</name>
         <load_address>0x3518c</load_address>
         <run_address>0x3518c</run_address>
         <size>0x8</size>
         <input_file_ref idref="fl-20"/>
      </object_component>
      <object_component id="oc-1f3">
         <name>.text:__aeabi_errno_addr</name>
         <load_address>0x35194</load_address>
         <run_address>0x35194</run_address>
         <size>0x8</size>
         <input_file_ref idref="fl-ff"/>
      </object_component>
      <object_component id="oc-3dd">
         <name>.text:CPU_wfi</name>
         <load_address>0x3519c</load_address>
         <run_address>0x3519c</run_address>
         <size>0x4</size>
         <input_file_ref idref="fl-16"/>
      </object_component>
      <object_component id="oc-d1">
         <name>.text:_system_pre_init</name>
         <load_address>0x351a0</load_address>
         <run_address>0x351a0</run_address>
         <size>0x4</size>
         <input_file_ref idref="fl-106"/>
      </object_component>
      <object_component id="oc-156">
         <name>.text:abort:abort</name>
         <load_address>0x351a4</load_address>
         <run_address>0x351a4</run_address>
         <size>0x4</size>
         <input_file_ref idref="fl-100"/>
      </object_component>
      <object_component id="oc-270">
         <name>.const:twiddleCoef_4096</name>
         <load_address>0x144</load_address>
         <run_address>0x144</run_address>
         <size>0x8000</size>
         <input_file_ref idref="fl-3c"/>
      </object_component>
      <object_component id="oc-2a6">
         <name>.const:twiddleCoef_4096_q31</name>
         <load_address>0x8144</load_address>
         <run_address>0x8144</run_address>
         <size>0x6000</size>
         <input_file_ref idref="fl-3c"/>
      </object_component>
      <object_component id="oc-1ca">
         <name>.const:realCoefAQ15</name>
         <load_address>0xe144</load_address>
         <run_address>0xe144</run_address>
         <size>0x4000</size>
         <input_file_ref idref="fl-36"/>
      </object_component>
      <object_component id="oc-1cd">
         <name>.const:realCoefBQ15</name>
         <load_address>0x12144</load_address>
         <run_address>0x12144</run_address>
         <size>0x4000</size>
         <input_file_ref idref="fl-36"/>
      </object_component>
      <object_component id="oc-26a">
         <name>.const:twiddleCoef_2048</name>
         <load_address>0x16144</load_address>
         <run_address>0x16144</run_address>
         <size>0x4000</size>
         <input_file_ref idref="fl-3c"/>
      </object_component>
      <object_component id="oc-2a0">
         <name>.const:twiddleCoef_2048_q31</name>
         <load_address>0x1a144</load_address>
         <run_address>0x1a144</run_address>
         <size>0x3000</size>
         <input_file_ref idref="fl-3c"/>
      </object_component>
      <object_component id="oc-2c4">
         <name>.const:twiddleCoef_4096_q15</name>
         <load_address>0x1d144</load_address>
         <run_address>0x1d144</run_address>
         <size>0x3000</size>
         <input_file_ref idref="fl-3c"/>
      </object_component>
      <object_component id="oc-264">
         <name>.const:twiddleCoef_1024</name>
         <load_address>0x20144</load_address>
         <run_address>0x20144</run_address>
         <size>0x2000</size>
         <input_file_ref idref="fl-3c"/>
      </object_component>
      <object_component id="oc-273">
         <name>.const:armBitRevIndexTable4096</name>
         <load_address>0x22144</load_address>
         <run_address>0x22144</run_address>
         <size>0x1f80</size>
         <input_file_ref idref="fl-3c"/>
      </object_component>
      <object_component id="oc-2a9">
         <name>.const:armBitRevIndexTable_fixed_4096</name>
         <load_address>0x240c4</load_address>
         <run_address>0x240c4</run_address>
         <size>0x1f80</size>
         <input_file_ref idref="fl-3c"/>
      </object_component>
      <object_component id="oc-26d">
         <name>.const:armBitRevIndexTable2048</name>
         <load_address>0x26044</load_address>
         <run_address>0x26044</run_address>
         <size>0x1dc0</size>
         <input_file_ref idref="fl-3c"/>
      </object_component>
      <object_component id="oc-29a">
         <name>.const:twiddleCoef_1024_q31</name>
         <load_address>0x27e04</load_address>
         <run_address>0x27e04</run_address>
         <size>0x1800</size>
         <input_file_ref idref="fl-3c"/>
      </object_component>
      <object_component id="oc-2c1">
         <name>.const:twiddleCoef_2048_q15</name>
         <load_address>0x29604</load_address>
         <run_address>0x29604</run_address>
         <size>0x1800</size>
         <input_file_ref idref="fl-3c"/>
      </object_component>
      <object_component id="oc-25e">
         <name>.const:twiddleCoef_512</name>
         <load_address>0x2ae04</load_address>
         <run_address>0x2ae04</run_address>
         <size>0x1000</size>
         <input_file_ref idref="fl-3c"/>
      </object_component>
      <object_component id="oc-2a3">
         <name>.const:armBitRevIndexTable_fixed_2048</name>
         <load_address>0x2be04</load_address>
         <run_address>0x2be04</run_address>
         <size>0xf80</size>
         <input_file_ref idref="fl-3c"/>
      </object_component>
      <object_component id="oc-267">
         <name>.const:armBitRevIndexTable1024</name>
         <load_address>0x2cd84</load_address>
         <run_address>0x2cd84</run_address>
         <size>0xe10</size>
         <input_file_ref idref="fl-3c"/>
      </object_component>
      <object_component id="oc-2be">
         <name>.const:twiddleCoef_1024_q15</name>
         <load_address>0x2db94</load_address>
         <run_address>0x2db94</run_address>
         <size>0xc00</size>
         <input_file_ref idref="fl-3c"/>
      </object_component>
      <object_component id="oc-294">
         <name>.const:twiddleCoef_512_q31</name>
         <load_address>0x2e794</load_address>
         <run_address>0x2e794</run_address>
         <size>0xc00</size>
         <input_file_ref idref="fl-3c"/>
      </object_component>
      <object_component id="oc-258">
         <name>.const:twiddleCoef_256</name>
         <load_address>0x2f394</load_address>
         <run_address>0x2f394</run_address>
         <size>0x800</size>
         <input_file_ref idref="fl-3c"/>
      </object_component>
      <object_component id="oc-29d">
         <name>.const:armBitRevIndexTable_fixed_1024</name>
         <load_address>0x2fb94</load_address>
         <run_address>0x2fb94</run_address>
         <size>0x7c0</size>
         <input_file_ref idref="fl-3c"/>
      </object_component>
      <object_component id="oc-28e">
         <name>.const:twiddleCoef_256_q31</name>
         <load_address>0x30354</load_address>
         <run_address>0x30354</run_address>
         <size>0x600</size>
         <input_file_ref idref="fl-3c"/>
      </object_component>
      <object_component id="oc-2bb">
         <name>.const:twiddleCoef_512_q15</name>
         <load_address>0x30954</load_address>
         <run_address>0x30954</run_address>
         <size>0x600</size>
         <input_file_ref idref="fl-3c"/>
      </object_component>
      <object_component id="oc-252">
         <name>.const:twiddleCoef_128</name>
         <load_address>0x30f54</load_address>
         <run_address>0x30f54</run_address>
         <size>0x400</size>
         <input_file_ref idref="fl-3c"/>
      </object_component>
      <object_component id="oc-297">
         <name>.const:armBitRevIndexTable_fixed_512</name>
         <load_address>0x31354</load_address>
         <run_address>0x31354</run_address>
         <size>0x3c0</size>
         <input_file_ref idref="fl-3c"/>
      </object_component>
      <object_component id="oc-261">
         <name>.const:armBitRevIndexTable512</name>
         <load_address>0x31714</load_address>
         <run_address>0x31714</run_address>
         <size>0x380</size>
         <input_file_ref idref="fl-3c"/>
      </object_component>
      <object_component id="oc-25b">
         <name>.const:armBitRevIndexTable256</name>
         <load_address>0x31a94</load_address>
         <run_address>0x31a94</run_address>
         <size>0x370</size>
         <input_file_ref idref="fl-3c"/>
      </object_component>
      <object_component id="oc-288">
         <name>.const:twiddleCoef_128_q31</name>
         <load_address>0x31e04</load_address>
         <run_address>0x31e04</run_address>
         <size>0x300</size>
         <input_file_ref idref="fl-3c"/>
      </object_component>
      <object_component id="oc-2b8">
         <name>.const:twiddleCoef_256_q15</name>
         <load_address>0x32104</load_address>
         <run_address>0x32104</run_address>
         <size>0x300</size>
         <input_file_ref idref="fl-3c"/>
      </object_component>
      <object_component id="oc-24c">
         <name>.const:twiddleCoef_64</name>
         <load_address>0x32404</load_address>
         <run_address>0x32404</run_address>
         <size>0x200</size>
         <input_file_ref idref="fl-3c"/>
      </object_component>
      <object_component id="oc-291">
         <name>.const:armBitRevIndexTable_fixed_256</name>
         <load_address>0x32604</load_address>
         <run_address>0x32604</run_address>
         <size>0x1e0</size>
         <input_file_ref idref="fl-3c"/>
      </object_component>
      <object_component id="oc-1d0">
         <name>.const</name>
         <load_address>0x327e4</load_address>
         <run_address>0x327e4</run_address>
         <size>0x1b0</size>
         <input_file_ref idref="fl-39"/>
      </object_component>
      <object_component id="oc-255">
         <name>.const:armBitRevIndexTable128</name>
         <load_address>0x32994</load_address>
         <run_address>0x32994</run_address>
         <size>0x1a0</size>
         <input_file_ref idref="fl-3c"/>
      </object_component>
      <object_component id="oc-2b5">
         <name>.const:twiddleCoef_128_q15</name>
         <load_address>0x32b34</load_address>
         <run_address>0x32b34</run_address>
         <size>0x180</size>
         <input_file_ref idref="fl-3c"/>
      </object_component>
      <object_component id="oc-282">
         <name>.const:twiddleCoef_64_q31</name>
         <load_address>0x32cb4</load_address>
         <run_address>0x32cb4</run_address>
         <size>0x180</size>
         <input_file_ref idref="fl-3c"/>
      </object_component>
      <object_component id="oc-246">
         <name>.const:twiddleCoef_32</name>
         <load_address>0x32e34</load_address>
         <run_address>0x32e34</run_address>
         <size>0x100</size>
         <input_file_ref idref="fl-3c"/>
      </object_component>
      <object_component id="oc-28b">
         <name>.const:armBitRevIndexTable_fixed_128</name>
         <load_address>0x32f34</load_address>
         <run_address>0x32f34</run_address>
         <size>0xe0</size>
         <input_file_ref idref="fl-3c"/>
      </object_component>
      <object_component id="oc-27c">
         <name>.const:twiddleCoef_32_q31</name>
         <load_address>0x33014</load_address>
         <run_address>0x33014</run_address>
         <size>0xc0</size>
         <input_file_ref idref="fl-3c"/>
      </object_component>
      <object_component id="oc-2b2">
         <name>.const:twiddleCoef_64_q15</name>
         <load_address>0x330d4</load_address>
         <run_address>0x330d4</run_address>
         <size>0xc0</size>
         <input_file_ref idref="fl-3c"/>
      </object_component>
      <object_component id="oc-240">
         <name>.const:twiddleCoef_16</name>
         <load_address>0x33194</load_address>
         <run_address>0x33194</run_address>
         <size>0x80</size>
         <input_file_ref idref="fl-3c"/>
      </object_component>
      <object_component id="oc-24f">
         <name>.const:armBitRevIndexTable64</name>
         <load_address>0x33214</load_address>
         <run_address>0x33214</run_address>
         <size>0x70</size>
         <input_file_ref idref="fl-3c"/>
      </object_component>
      <object_component id="oc-285">
         <name>.const:armBitRevIndexTable_fixed_64</name>
         <load_address>0x33284</load_address>
         <run_address>0x33284</run_address>
         <size>0x70</size>
         <input_file_ref idref="fl-3c"/>
      </object_component>
      <object_component id="oc-249">
         <name>.const:armBitRevIndexTable32</name>
         <load_address>0x332f4</load_address>
         <run_address>0x332f4</run_address>
         <size>0x60</size>
         <input_file_ref idref="fl-3c"/>
      </object_component>
      <object_component id="oc-276">
         <name>.const:twiddleCoef_16_q31</name>
         <load_address>0x33354</load_address>
         <run_address>0x33354</run_address>
         <size>0x60</size>
         <input_file_ref idref="fl-3c"/>
      </object_component>
      <object_component id="oc-2af">
         <name>.const:twiddleCoef_32_q15</name>
         <load_address>0x333b4</load_address>
         <run_address>0x333b4</run_address>
         <size>0x60</size>
         <input_file_ref idref="fl-3c"/>
      </object_component>
      <object_component id="oc-27f">
         <name>.const:armBitRevIndexTable_fixed_32</name>
         <load_address>0x33414</load_address>
         <run_address>0x33414</run_address>
         <size>0x30</size>
         <input_file_ref idref="fl-3c"/>
      </object_component>
      <object_component id="oc-2ac">
         <name>.const:twiddleCoef_16_q15</name>
         <load_address>0x33444</load_address>
         <run_address>0x33444</run_address>
         <size>0x30</size>
         <input_file_ref idref="fl-3c"/>
      </object_component>
      <object_component id="oc-243">
         <name>.const:armBitRevIndexTable16</name>
         <load_address>0x33474</load_address>
         <run_address>0x33474</run_address>
         <size>0x28</size>
         <input_file_ref idref="fl-3c"/>
      </object_component>
      <object_component id="oc-279">
         <name>.const</name>
         <load_address>0x3349c</load_address>
         <run_address>0x3349c</run_address>
         <size>0x18</size>
         <input_file_ref idref="fl-3c"/>
      </object_component>
      <object_component id="oc-424">
         <name>.cinit..data.load</name>
         <load_address>0x351a8</load_address>
         <run_address>0x351a8</run_address>
         <size>0x39</size>
      </object_component>
      <object_component id="oc-422">
         <name>__TI_handler_table</name>
         <load_address>0x351e4</load_address>
         <run_address>0x351e4</run_address>
         <size>0xc</size>
      </object_component>
      <object_component id="oc-425">
         <name>.cinit..bss.load</name>
         <load_address>0x351f0</load_address>
         <run_address>0x351f0</run_address>
         <size>0x8</size>
      </object_component>
      <object_component id="oc-423">
         <name>__TI_cinit_table</name>
         <load_address>0x351f8</load_address>
         <run_address>0x351f8</run_address>
         <size>0x10</size>
      </object_component>
      <object_component id="oc-96">
         <name>.data</name>
         <load_address>0x20001c3c</load_address>
         <run_address>0x20001c3c</run_address>
         <size>0x14</size>
         <input_file_ref idref="fl-2"/>
      </object_component>
      <object_component id="oc-235">
         <name>.data:GPIO_PORT_TO_BASE</name>
         <load_address>0x20001c0c</load_address>
         <run_address>0x20001c0c</run_address>
         <size>0x30</size>
         <input_file_ref idref="fl-1c"/>
      </object_component>
      <object_component id="oc-2ef">
         <name>.data</name>
         <load_address>0x20001c50</load_address>
         <run_address>0x20001c50</run_address>
         <size>0x4</size>
         <input_file_ref idref="fl-ff"/>
      </object_component>
      <object_component id="oc-99">
         <name>.bss</name>
         <uninitialized>true</uninitialized>
         <run_address>0x20001c00</run_address>
         <size>0x8</size>
         <input_file_ref idref="fl-2"/>
      </object_component>
      <object_component id="oc-154">
         <name>.common:status</name>
         <uninitialized>true</uninitialized>
         <run_address>0x20001c08</run_address>
         <size>0x1</size>
      </object_component>
      <object_component id="oc-150">
         <name>.common:hann</name>
         <uninitialized>true</uninitialized>
         <run_address>0x20000800</run_address>
         <size>0x800</size>
      </object_component>
      <object_component id="oc-9c">
         <name>.common:adc_inputarray</name>
         <uninitialized>true</uninitialized>
         <run_address>0x20001000</run_address>
         <size>0x400</size>
      </object_component>
      <object_component id="oc-153">
         <name>.common:data_array1</name>
         <uninitialized>true</uninitialized>
         <run_address>0x20001400</run_address>
         <size>0x400</size>
      </object_component>
      <object_component id="oc-152">
         <name>.common:data_input</name>
         <uninitialized>true</uninitialized>
         <run_address>0x20000000</run_address>
         <size>0x800</size>
      </object_component>
      <object_component id="oc-151">
         <name>.common:data_output</name>
         <uninitialized>true</uninitialized>
         <run_address>0x20001800</run_address>
         <size>0x400</size>
      </object_component>
      <object_component id="oc-22">
         <name>.stack</name>
         <uninitialized>true</uninitialized>
         <run_address>0x2000fe00</run_address>
         <size>0x4</size>
         <input_file_ref idref="fl-fe"/>
      </object_component>
      <object_component id="oc-426">
         <name>.stack</name>
         <uninitialized>true</uninitialized>
         <run_address>0x2000fe00</run_address>
         <size>0x0</size>
      </object_component>
      <object_component id="oc-9d">
         <name>.debug_info</name>
         <load_address>0x0</load_address>
         <run_address>0x0</run_address>
         <size>0x9ee</size>
         <input_file_ref idref="fl-2"/>
      </object_component>
      <object_component id="oc-97">
         <name>.debug_info</name>
         <load_address>0x9ee</load_address>
         <run_address>0x9ee</run_address>
         <size>0x1b3</size>
         <input_file_ref idref="fl-2"/>
      </object_component>
      <object_component id="oc-9a">
         <name>.debug_info</name>
         <load_address>0xba1</load_address>
         <run_address>0xba1</run_address>
         <size>0x123</size>
         <input_file_ref idref="fl-2"/>
      </object_component>
      <object_component id="oc-d8">
         <name>.debug_info</name>
         <load_address>0xcc4</load_address>
         <run_address>0xcc4</run_address>
         <size>0x263</size>
         <input_file_ref idref="fl-2"/>
      </object_component>
      <object_component id="oc-3e">
         <name>.debug_info</name>
         <load_address>0xf27</load_address>
         <run_address>0xf27</run_address>
         <size>0x186</size>
         <input_file_ref idref="fl-2"/>
      </object_component>
      <object_component id="oc-f7">
         <name>.debug_info</name>
         <load_address>0x10ad</load_address>
         <run_address>0x10ad</run_address>
         <size>0x1ea6</size>
         <input_file_ref idref="fl-2"/>
      </object_component>
      <object_component id="oc-b1">
         <name>.debug_info</name>
         <load_address>0x2f53</load_address>
         <run_address>0x2f53</run_address>
         <size>0x26b</size>
         <input_file_ref idref="fl-2"/>
      </object_component>
      <object_component id="oc-a7">
         <name>.debug_info</name>
         <load_address>0x31be</load_address>
         <run_address>0x31be</run_address>
         <size>0x1055</size>
         <input_file_ref idref="fl-2"/>
      </object_component>
      <object_component id="oc-a2">
         <name>.debug_info</name>
         <load_address>0x4213</load_address>
         <run_address>0x4213</run_address>
         <size>0x37e2</size>
         <input_file_ref idref="fl-2"/>
      </object_component>
      <object_component id="oc-354">
         <name>.debug_info</name>
         <load_address>0x79f5</load_address>
         <run_address>0x79f5</run_address>
         <size>0x1b5</size>
         <input_file_ref idref="fl-2"/>
      </object_component>
      <object_component id="oc-fc">
         <name>.debug_info</name>
         <load_address>0x7baa</load_address>
         <run_address>0x7baa</run_address>
         <size>0x40a</size>
         <input_file_ref idref="fl-2"/>
      </object_component>
      <object_component id="oc-ee">
         <name>.debug_info</name>
         <load_address>0x7fb4</load_address>
         <run_address>0x7fb4</run_address>
         <size>0x8b</size>
         <input_file_ref idref="fl-2"/>
      </object_component>
      <object_component id="oc-101">
         <name>.debug_info</name>
         <load_address>0x803f</load_address>
         <run_address>0x803f</run_address>
         <size>0x297</size>
         <input_file_ref idref="fl-2"/>
      </object_component>
      <object_component id="oc-224">
         <name>.debug_info</name>
         <load_address>0x82d6</load_address>
         <run_address>0x82d6</run_address>
         <size>0xef</size>
         <input_file_ref idref="fl-2"/>
      </object_component>
      <object_component id="oc-ac">
         <name>.debug_info</name>
         <load_address>0x83c5</load_address>
         <run_address>0x83c5</run_address>
         <size>0xbb</size>
         <input_file_ref idref="fl-2"/>
      </object_component>
      <object_component id="oc-45">
         <name>.debug_info</name>
         <load_address>0x8480</load_address>
         <run_address>0x8480</run_address>
         <size>0x5b7</size>
         <input_file_ref idref="fl-3"/>
      </object_component>
      <object_component id="oc-11">
         <name>.debug_info</name>
         <load_address>0x8a37</load_address>
         <run_address>0x8a37</run_address>
         <size>0x10a</size>
         <input_file_ref idref="fl-3"/>
      </object_component>
      <object_component id="oc-27">
         <name>.debug_info</name>
         <load_address>0x8b41</load_address>
         <run_address>0x8b41</run_address>
         <size>0x13f</size>
         <input_file_ref idref="fl-3"/>
      </object_component>
      <object_component id="oc-2d">
         <name>.debug_info</name>
         <load_address>0x8c80</load_address>
         <run_address>0x8c80</run_address>
         <size>0x130</size>
         <input_file_ref idref="fl-3"/>
      </object_component>
      <object_component id="oc-33">
         <name>.debug_info</name>
         <load_address>0x8db0</load_address>
         <run_address>0x8db0</run_address>
         <size>0x134</size>
         <input_file_ref idref="fl-3"/>
      </object_component>
      <object_component id="oc-3b">
         <name>.debug_info</name>
         <load_address>0x8ee4</load_address>
         <run_address>0x8ee4</run_address>
         <size>0x138</size>
         <input_file_ref idref="fl-3"/>
      </object_component>
      <object_component id="oc-4c">
         <name>.debug_info</name>
         <load_address>0x901c</load_address>
         <run_address>0x901c</run_address>
         <size>0x84</size>
         <input_file_ref idref="fl-3"/>
      </object_component>
      <object_component id="oc-11d">
         <name>.debug_info</name>
         <load_address>0x90a0</load_address>
         <run_address>0x90a0</run_address>
         <size>0x299</size>
         <input_file_ref idref="fl-4"/>
      </object_component>
      <object_component id="oc-117">
         <name>.debug_info</name>
         <load_address>0x9339</load_address>
         <run_address>0x9339</run_address>
         <size>0x232</size>
         <input_file_ref idref="fl-4"/>
      </object_component>
      <object_component id="oc-123">
         <name>.debug_info</name>
         <load_address>0x956b</load_address>
         <run_address>0x956b</run_address>
         <size>0x17f</size>
         <input_file_ref idref="fl-4"/>
      </object_component>
      <object_component id="oc-3de">
         <name>.debug_info</name>
         <load_address>0x96ea</load_address>
         <run_address>0x96ea</run_address>
         <size>0x14e</size>
         <input_file_ref idref="fl-16"/>
      </object_component>
      <object_component id="oc-233">
         <name>.debug_info</name>
         <load_address>0x9838</load_address>
         <run_address>0x9838</run_address>
         <size>0x7b6</size>
         <input_file_ref idref="fl-18"/>
      </object_component>
      <object_component id="oc-1a7">
         <name>.debug_info</name>
         <load_address>0x9fee</load_address>
         <run_address>0x9fee</run_address>
         <size>0x19f</size>
         <input_file_ref idref="fl-18"/>
      </object_component>
      <object_component id="oc-1ad">
         <name>.debug_info</name>
         <load_address>0xa18d</load_address>
         <run_address>0xa18d</run_address>
         <size>0x226</size>
         <input_file_ref idref="fl-18"/>
      </object_component>
      <object_component id="oc-231">
         <name>.debug_info</name>
         <load_address>0xa3b3</load_address>
         <run_address>0xa3b3</run_address>
         <size>0x7ca</size>
         <input_file_ref idref="fl-1a"/>
      </object_component>
      <object_component id="oc-1a1">
         <name>.debug_info</name>
         <load_address>0xab7d</load_address>
         <run_address>0xab7d</run_address>
         <size>0x1e2</size>
         <input_file_ref idref="fl-1a"/>
      </object_component>
      <object_component id="oc-239">
         <name>.debug_info</name>
         <load_address>0xad5f</load_address>
         <run_address>0xad5f</run_address>
         <size>0x6ab</size>
         <input_file_ref idref="fl-1c"/>
      </object_component>
      <object_component id="oc-236">
         <name>.debug_info</name>
         <load_address>0xb40a</load_address>
         <run_address>0xb40a</run_address>
         <size>0x10d</size>
         <input_file_ref idref="fl-1c"/>
      </object_component>
      <object_component id="oc-1ba">
         <name>.debug_info</name>
         <load_address>0xb517</load_address>
         <run_address>0xb517</run_address>
         <size>0x1f0</size>
         <input_file_ref idref="fl-1c"/>
      </object_component>
      <object_component id="oc-1c0">
         <name>.debug_info</name>
         <load_address>0xb707</load_address>
         <run_address>0xb707</run_address>
         <size>0x248</size>
         <input_file_ref idref="fl-1c"/>
      </object_component>
      <object_component id="oc-1b4">
         <name>.debug_info</name>
         <load_address>0xb94f</load_address>
         <run_address>0xb94f</run_address>
         <size>0x209</size>
         <input_file_ref idref="fl-1c"/>
      </object_component>
      <object_component id="oc-332">
         <name>.debug_info</name>
         <load_address>0xbb58</load_address>
         <run_address>0xbb58</run_address>
         <size>0x767</size>
         <input_file_ref idref="fl-20"/>
      </object_component>
      <object_component id="oc-340">
         <name>.debug_info</name>
         <load_address>0xc2bf</load_address>
         <run_address>0xc2bf</run_address>
         <size>0x1e1</size>
         <input_file_ref idref="fl-20"/>
      </object_component>
      <object_component id="oc-326">
         <name>.debug_info</name>
         <load_address>0xc4a0</load_address>
         <run_address>0xc4a0</run_address>
         <size>0x166</size>
         <input_file_ref idref="fl-20"/>
      </object_component>
      <object_component id="oc-31a">
         <name>.debug_info</name>
         <load_address>0xc606</load_address>
         <run_address>0xc606</run_address>
         <size>0x17f</size>
         <input_file_ref idref="fl-20"/>
      </object_component>
      <object_component id="oc-346">
         <name>.debug_info</name>
         <load_address>0xc785</load_address>
         <run_address>0xc785</run_address>
         <size>0x32b</size>
         <input_file_ref idref="fl-20"/>
      </object_component>
      <object_component id="oc-32c">
         <name>.debug_info</name>
         <load_address>0xcab0</load_address>
         <run_address>0xcab0</run_address>
         <size>0x19b</size>
         <input_file_ref idref="fl-20"/>
      </object_component>
      <object_component id="oc-19b">
         <name>.debug_info</name>
         <load_address>0xcc4b</load_address>
         <run_address>0xcc4b</run_address>
         <size>0x1a0</size>
         <input_file_ref idref="fl-20"/>
      </object_component>
      <object_component id="oc-334">
         <name>.debug_info</name>
         <load_address>0xcdeb</load_address>
         <run_address>0xcdeb</run_address>
         <size>0x224</size>
         <input_file_ref idref="fl-20"/>
      </object_component>
      <object_component id="oc-33a">
         <name>.debug_info</name>
         <load_address>0xd00f</load_address>
         <run_address>0xd00f</run_address>
         <size>0x19b</size>
         <input_file_ref idref="fl-20"/>
      </object_component>
      <object_component id="oc-320">
         <name>.debug_info</name>
         <load_address>0xd1aa</load_address>
         <run_address>0xd1aa</run_address>
         <size>0x18d</size>
         <input_file_ref idref="fl-20"/>
      </object_component>
      <object_component id="oc-21e">
         <name>.debug_info</name>
         <load_address>0xd337</load_address>
         <run_address>0xd337</run_address>
         <size>0x37e</size>
         <input_file_ref idref="fl-20"/>
      </object_component>
      <object_component id="oc-34c">
         <name>.debug_info</name>
         <load_address>0xd6b5</load_address>
         <run_address>0xd6b5</run_address>
         <size>0x16a</size>
         <input_file_ref idref="fl-20"/>
      </object_component>
      <object_component id="oc-22a">
         <name>.debug_info</name>
         <load_address>0xd81f</load_address>
         <run_address>0xd81f</run_address>
         <size>0x5b9</size>
         <input_file_ref idref="fl-20"/>
      </object_component>
      <object_component id="oc-195">
         <name>.debug_info</name>
         <load_address>0xddd8</load_address>
         <run_address>0xddd8</run_address>
         <size>0x1b3</size>
         <input_file_ref idref="fl-20"/>
      </object_component>
      <object_component id="oc-3eb">
         <name>.debug_info</name>
         <load_address>0xdf8b</load_address>
         <run_address>0xdf8b</run_address>
         <size>0x161</size>
         <input_file_ref idref="fl-25"/>
      </object_component>
      <object_component id="oc-3e6">
         <name>.debug_info</name>
         <load_address>0xe0ec</load_address>
         <run_address>0xe0ec</run_address>
         <size>0x182</size>
         <input_file_ref idref="fl-2c"/>
      </object_component>
      <object_component id="oc-1d9">
         <name>.debug_info</name>
         <load_address>0xe26e</load_address>
         <run_address>0xe26e</run_address>
         <size>0x3d4</size>
         <input_file_ref idref="fl-36"/>
      </object_component>
      <object_component id="oc-1cb">
         <name>.debug_info</name>
         <load_address>0xe642</load_address>
         <run_address>0xe642</run_address>
         <size>0x110</size>
         <input_file_ref idref="fl-36"/>
      </object_component>
      <object_component id="oc-1ce">
         <name>.debug_info</name>
         <load_address>0xe752</load_address>
         <run_address>0xe752</run_address>
         <size>0x111</size>
         <input_file_ref idref="fl-36"/>
      </object_component>
      <object_component id="oc-139">
         <name>.debug_info</name>
         <load_address>0xe863</load_address>
         <run_address>0xe863</run_address>
         <size>0x29b</size>
         <input_file_ref idref="fl-36"/>
      </object_component>
      <object_component id="oc-1d4">
         <name>.debug_info</name>
         <load_address>0xeafe</load_address>
         <run_address>0xeafe</run_address>
         <size>0x1ea6</size>
         <input_file_ref idref="fl-36"/>
      </object_component>
      <object_component id="oc-1da">
         <name>.debug_info</name>
         <load_address>0x109a4</load_address>
         <run_address>0x109a4</run_address>
         <size>0x18b</size>
         <input_file_ref idref="fl-36"/>
      </object_component>
      <object_component id="oc-1f2">
         <name>.debug_info</name>
         <load_address>0x10b2f</load_address>
         <run_address>0x10b2f</run_address>
         <size>0x329</size>
         <input_file_ref idref="fl-37"/>
      </object_component>
      <object_component id="oc-1e0">
         <name>.debug_info</name>
         <load_address>0x10e58</load_address>
         <run_address>0x10e58</run_address>
         <size>0x2ff</size>
         <input_file_ref idref="fl-37"/>
      </object_component>
      <object_component id="oc-1ec">
         <name>.debug_info</name>
         <load_address>0x11157</load_address>
         <run_address>0x11157</run_address>
         <size>0x32b</size>
         <input_file_ref idref="fl-37"/>
      </object_component>
      <object_component id="oc-13f">
         <name>.debug_info</name>
         <load_address>0x11482</load_address>
         <run_address>0x11482</run_address>
         <size>0x271</size>
         <input_file_ref idref="fl-37"/>
      </object_component>
      <object_component id="oc-1fc">
         <name>.debug_info</name>
         <load_address>0x116f3</load_address>
         <run_address>0x116f3</run_address>
         <size>0x1d2</size>
         <input_file_ref idref="fl-38"/>
      </object_component>
      <object_component id="oc-14b">
         <name>.debug_info</name>
         <load_address>0x118c5</load_address>
         <run_address>0x118c5</run_address>
         <size>0x305</size>
         <input_file_ref idref="fl-38"/>
      </object_component>
      <object_component id="oc-2c9">
         <name>.debug_info</name>
         <load_address>0x11bca</load_address>
         <run_address>0x11bca</run_address>
         <size>0xdbd</size>
         <input_file_ref idref="fl-39"/>
      </object_component>
      <object_component id="oc-1d1">
         <name>.debug_info</name>
         <load_address>0x12987</load_address>
         <run_address>0x12987</run_address>
         <size>0x751</size>
         <input_file_ref idref="fl-39"/>
      </object_component>
      <object_component id="oc-2eb">
         <name>.debug_info</name>
         <load_address>0x130d8</load_address>
         <run_address>0x130d8</run_address>
         <size>0x3aa</size>
         <input_file_ref idref="fl-3a"/>
      </object_component>
      <object_component id="oc-2d4">
         <name>.debug_info</name>
         <load_address>0x13482</load_address>
         <run_address>0x13482</run_address>
         <size>0x2bb</size>
         <input_file_ref idref="fl-3a"/>
      </object_component>
      <object_component id="oc-2e0">
         <name>.debug_info</name>
         <load_address>0x1373d</load_address>
         <run_address>0x1373d</run_address>
         <size>0x2dc</size>
         <input_file_ref idref="fl-3a"/>
      </object_component>
      <object_component id="oc-1e6">
         <name>.debug_info</name>
         <load_address>0x13a19</load_address>
         <run_address>0x13a19</run_address>
         <size>0x2ee</size>
         <input_file_ref idref="fl-3a"/>
      </object_component>
      <object_component id="oc-3bd">
         <name>.debug_info</name>
         <load_address>0x13d07</load_address>
         <run_address>0x13d07</run_address>
         <size>0x401</size>
         <input_file_ref idref="fl-3b"/>
      </object_component>
      <object_component id="oc-2ce">
         <name>.debug_info</name>
         <load_address>0x14108</load_address>
         <run_address>0x14108</run_address>
         <size>0x4a5</size>
         <input_file_ref idref="fl-3b"/>
      </object_component>
      <object_component id="oc-2da">
         <name>.debug_info</name>
         <load_address>0x145ad</load_address>
         <run_address>0x145ad</run_address>
         <size>0x4b7</size>
         <input_file_ref idref="fl-3b"/>
      </object_component>
      <object_component id="oc-361">
         <name>.debug_info</name>
         <load_address>0x14a64</load_address>
         <run_address>0x14a64</run_address>
         <size>0x4a9</size>
         <input_file_ref idref="fl-3c"/>
      </object_component>
      <object_component id="oc-241">
         <name>.debug_info</name>
         <load_address>0x14f0d</load_address>
         <run_address>0x14f0d</run_address>
         <size>0x10f</size>
         <input_file_ref idref="fl-3c"/>
      </object_component>
      <object_component id="oc-247">
         <name>.debug_info</name>
         <load_address>0x1501c</load_address>
         <run_address>0x1501c</run_address>
         <size>0x10f</size>
         <input_file_ref idref="fl-3c"/>
      </object_component>
      <object_component id="oc-24d">
         <name>.debug_info</name>
         <load_address>0x1512b</load_address>
         <run_address>0x1512b</run_address>
         <size>0x110</size>
         <input_file_ref idref="fl-3c"/>
      </object_component>
      <object_component id="oc-253">
         <name>.debug_info</name>
         <load_address>0x1523b</load_address>
         <run_address>0x1523b</run_address>
         <size>0x112</size>
         <input_file_ref idref="fl-3c"/>
      </object_component>
      <object_component id="oc-259">
         <name>.debug_info</name>
         <load_address>0x1534d</load_address>
         <run_address>0x1534d</run_address>
         <size>0x112</size>
         <input_file_ref idref="fl-3c"/>
      </object_component>
      <object_component id="oc-25f">
         <name>.debug_info</name>
         <load_address>0x1545f</load_address>
         <run_address>0x1545f</run_address>
         <size>0x112</size>
         <input_file_ref idref="fl-3c"/>
      </object_component>
      <object_component id="oc-265">
         <name>.debug_info</name>
         <load_address>0x15571</load_address>
         <run_address>0x15571</run_address>
         <size>0x114</size>
         <input_file_ref idref="fl-3c"/>
      </object_component>
      <object_component id="oc-26b">
         <name>.debug_info</name>
         <load_address>0x15685</load_address>
         <run_address>0x15685</run_address>
         <size>0x114</size>
         <input_file_ref idref="fl-3c"/>
      </object_component>
      <object_component id="oc-271">
         <name>.debug_info</name>
         <load_address>0x15799</load_address>
         <run_address>0x15799</run_address>
         <size>0x114</size>
         <input_file_ref idref="fl-3c"/>
      </object_component>
      <object_component id="oc-277">
         <name>.debug_info</name>
         <load_address>0x158ad</load_address>
         <run_address>0x158ad</run_address>
         <size>0x118</size>
         <input_file_ref idref="fl-3c"/>
      </object_component>
      <object_component id="oc-27d">
         <name>.debug_info</name>
         <load_address>0x159c5</load_address>
         <run_address>0x159c5</run_address>
         <size>0x118</size>
         <input_file_ref idref="fl-3c"/>
      </object_component>
      <object_component id="oc-283">
         <name>.debug_info</name>
         <load_address>0x15add</load_address>
         <run_address>0x15add</run_address>
         <size>0x118</size>
         <input_file_ref idref="fl-3c"/>
      </object_component>
      <object_component id="oc-289">
         <name>.debug_info</name>
         <load_address>0x15bf5</load_address>
         <run_address>0x15bf5</run_address>
         <size>0x11a</size>
         <input_file_ref idref="fl-3c"/>
      </object_component>
      <object_component id="oc-28f">
         <name>.debug_info</name>
         <load_address>0x15d0f</load_address>
         <run_address>0x15d0f</run_address>
         <size>0x11a</size>
         <input_file_ref idref="fl-3c"/>
      </object_component>
      <object_component id="oc-295">
         <name>.debug_info</name>
         <load_address>0x15e29</load_address>
         <run_address>0x15e29</run_address>
         <size>0x11a</size>
         <input_file_ref idref="fl-3c"/>
      </object_component>
      <object_component id="oc-29b">
         <name>.debug_info</name>
         <load_address>0x15f43</load_address>
         <run_address>0x15f43</run_address>
         <size>0x11c</size>
         <input_file_ref idref="fl-3c"/>
      </object_component>
      <object_component id="oc-2a1">
         <name>.debug_info</name>
         <load_address>0x1605f</load_address>
         <run_address>0x1605f</run_address>
         <size>0x11c</size>
         <input_file_ref idref="fl-3c"/>
      </object_component>
      <object_component id="oc-2a7">
         <name>.debug_info</name>
         <load_address>0x1617b</load_address>
         <run_address>0x1617b</run_address>
         <size>0x11c</size>
         <input_file_ref idref="fl-3c"/>
      </object_component>
      <object_component id="oc-2ad">
         <name>.debug_info</name>
         <load_address>0x16297</load_address>
         <run_address>0x16297</run_address>
         <size>0x118</size>
         <input_file_ref idref="fl-3c"/>
      </object_component>
      <object_component id="oc-2b0">
         <name>.debug_info</name>
         <load_address>0x163af</load_address>
         <run_address>0x163af</run_address>
         <size>0x118</size>
         <input_file_ref idref="fl-3c"/>
      </object_component>
      <object_component id="oc-2b3">
         <name>.debug_info</name>
         <load_address>0x164c7</load_address>
         <run_address>0x164c7</run_address>
         <size>0x118</size>
         <input_file_ref idref="fl-3c"/>
      </object_component>
      <object_component id="oc-2b6">
         <name>.debug_info</name>
         <load_address>0x165df</load_address>
         <run_address>0x165df</run_address>
         <size>0x11a</size>
         <input_file_ref idref="fl-3c"/>
      </object_component>
      <object_component id="oc-2b9">
         <name>.debug_info</name>
         <load_address>0x166f9</load_address>
         <run_address>0x166f9</run_address>
         <size>0x11a</size>
         <input_file_ref idref="fl-3c"/>
      </object_component>
      <object_component id="oc-2bc">
         <name>.debug_info</name>
         <load_address>0x16813</load_address>
         <run_address>0x16813</run_address>
         <size>0x11a</size>
         <input_file_ref idref="fl-3c"/>
      </object_component>
      <object_component id="oc-2bf">
         <name>.debug_info</name>
         <load_address>0x1692d</load_address>
         <run_address>0x1692d</run_address>
         <size>0x11c</size>
         <input_file_ref idref="fl-3c"/>
      </object_component>
      <object_component id="oc-2c2">
         <name>.debug_info</name>
         <load_address>0x16a49</load_address>
         <run_address>0x16a49</run_address>
         <size>0x11c</size>
         <input_file_ref idref="fl-3c"/>
      </object_component>
      <object_component id="oc-2c5">
         <name>.debug_info</name>
         <load_address>0x16b65</load_address>
         <run_address>0x16b65</run_address>
         <size>0x11c</size>
         <input_file_ref idref="fl-3c"/>
      </object_component>
      <object_component id="oc-244">
         <name>.debug_info</name>
         <load_address>0x16c81</load_address>
         <run_address>0x16c81</run_address>
         <size>0x11e</size>
         <input_file_ref idref="fl-3c"/>
      </object_component>
      <object_component id="oc-24a">
         <name>.debug_info</name>
         <load_address>0x16d9f</load_address>
         <run_address>0x16d9f</run_address>
         <size>0x11e</size>
         <input_file_ref idref="fl-3c"/>
      </object_component>
      <object_component id="oc-250">
         <name>.debug_info</name>
         <load_address>0x16ebd</load_address>
         <run_address>0x16ebd</run_address>
         <size>0x11e</size>
         <input_file_ref idref="fl-3c"/>
      </object_component>
      <object_component id="oc-256">
         <name>.debug_info</name>
         <load_address>0x16fdb</load_address>
         <run_address>0x16fdb</run_address>
         <size>0x120</size>
         <input_file_ref idref="fl-3c"/>
      </object_component>
      <object_component id="oc-25c">
         <name>.debug_info</name>
         <load_address>0x170fb</load_address>
         <run_address>0x170fb</run_address>
         <size>0x120</size>
         <input_file_ref idref="fl-3c"/>
      </object_component>
      <object_component id="oc-262">
         <name>.debug_info</name>
         <load_address>0x1721b</load_address>
         <run_address>0x1721b</run_address>
         <size>0x120</size>
         <input_file_ref idref="fl-3c"/>
      </object_component>
      <object_component id="oc-268">
         <name>.debug_info</name>
         <load_address>0x1733b</load_address>
         <run_address>0x1733b</run_address>
         <size>0x122</size>
         <input_file_ref idref="fl-3c"/>
      </object_component>
      <object_component id="oc-26e">
         <name>.debug_info</name>
         <load_address>0x1745d</load_address>
         <run_address>0x1745d</run_address>
         <size>0x122</size>
         <input_file_ref idref="fl-3c"/>
      </object_component>
      <object_component id="oc-274">
         <name>.debug_info</name>
         <load_address>0x1757f</load_address>
         <run_address>0x1757f</run_address>
         <size>0x122</size>
         <input_file_ref idref="fl-3c"/>
      </object_component>
      <object_component id="oc-27a">
         <name>.debug_info</name>
         <load_address>0x176a1</load_address>
         <run_address>0x176a1</run_address>
         <size>0x12c</size>
         <input_file_ref idref="fl-3c"/>
      </object_component>
      <object_component id="oc-280">
         <name>.debug_info</name>
         <load_address>0x177cd</load_address>
         <run_address>0x177cd</run_address>
         <size>0x12c</size>
         <input_file_ref idref="fl-3c"/>
      </object_component>
      <object_component id="oc-286">
         <name>.debug_info</name>
         <load_address>0x178f9</load_address>
         <run_address>0x178f9</run_address>
         <size>0x12c</size>
         <input_file_ref idref="fl-3c"/>
      </object_component>
      <object_component id="oc-28c">
         <name>.debug_info</name>
         <load_address>0x17a25</load_address>
         <run_address>0x17a25</run_address>
         <size>0x12e</size>
         <input_file_ref idref="fl-3c"/>
      </object_component>
      <object_component id="oc-292">
         <name>.debug_info</name>
         <load_address>0x17b53</load_address>
         <run_address>0x17b53</run_address>
         <size>0x12e</size>
         <input_file_ref idref="fl-3c"/>
      </object_component>
      <object_component id="oc-298">
         <name>.debug_info</name>
         <load_address>0x17c81</load_address>
         <run_address>0x17c81</run_address>
         <size>0x12e</size>
         <input_file_ref idref="fl-3c"/>
      </object_component>
      <object_component id="oc-29e">
         <name>.debug_info</name>
         <load_address>0x17daf</load_address>
         <run_address>0x17daf</run_address>
         <size>0x130</size>
         <input_file_ref idref="fl-3c"/>
      </object_component>
      <object_component id="oc-2a4">
         <name>.debug_info</name>
         <load_address>0x17edf</load_address>
         <run_address>0x17edf</run_address>
         <size>0x130</size>
         <input_file_ref idref="fl-3c"/>
      </object_component>
      <object_component id="oc-2aa">
         <name>.debug_info</name>
         <load_address>0x1800f</load_address>
         <run_address>0x1800f</run_address>
         <size>0x130</size>
         <input_file_ref idref="fl-3c"/>
      </object_component>
      <object_component id="oc-2e7">
         <name>.debug_info</name>
         <load_address>0x1813f</load_address>
         <run_address>0x1813f</run_address>
         <size>0x17e</size>
         <input_file_ref idref="fl-3e"/>
      </object_component>
      <object_component id="oc-1fa">
         <name>.debug_info</name>
         <load_address>0x182bd</load_address>
         <run_address>0x182bd</run_address>
         <size>0x2c0</size>
         <input_file_ref idref="fl-f4"/>
      </object_component>
      <object_component id="oc-145">
         <name>.debug_info</name>
         <load_address>0x1857d</load_address>
         <run_address>0x1857d</run_address>
         <size>0x166</size>
         <input_file_ref idref="fl-f4"/>
      </object_component>
      <object_component id="oc-129">
         <name>.debug_info</name>
         <load_address>0x186e3</load_address>
         <run_address>0x186e3</run_address>
         <size>0x166</size>
         <input_file_ref idref="fl-f5"/>
      </object_component>
      <object_component id="oc-134">
         <name>.debug_info</name>
         <load_address>0x18849</load_address>
         <run_address>0x18849</run_address>
         <size>0x144</size>
         <input_file_ref idref="fl-f6"/>
      </object_component>
      <object_component id="oc-8d">
         <name>.debug_info</name>
         <load_address>0x1898d</load_address>
         <run_address>0x1898d</run_address>
         <size>0x132</size>
         <input_file_ref idref="fl-f7"/>
      </object_component>
      <object_component id="oc-92">
         <name>.debug_info</name>
[...]
      </symbol>
      <symbol id="sm-25e">
         <name>PCM_gotoLPM3</name>
         <value>0x34c45</value>
         <object_component_ref idref="oc-333"/>
      </symbol>
      <symbol id="sm-25f">
         <name>PCM_gotoLPM0</name>
         <value>0x35025</value>
         <object_component_ref idref="oc-34b"/>
      </symbol>
      <symbol id="sm-260">
         <name>PCM_setPowerMode</name>
         <value>0x35185</value>
         <object_component_ref idref="oc-32b"/>
      </symbol>
      <symbol id="sm-271">
         <name>RTC_C_holdClock</name>
         <value>0x350bd</value>
         <object_component_ref idref="oc-3ea"/>
      </symbol>
      <symbol id="sm-283">
         <name>WDT_A_holdTimer</name>
         <value>0x35119</value>
         <object_component_ref idref="oc-3e4"/>
      </symbol>
      <symbol id="sm-2c3">
         <name>arm_rfft_init_q15</name>
         <value>0x343a1</value>
         <object_component_ref idref="oc-138"/>
      </symbol>
      <symbol id="sm-2e7">
         <name>arm_split_rfft_q15</name>
         <value>0x342c5</value>
         <object_component_ref idref="oc-1eb"/>
      </symbol>
      <symbol id="sm-2e8">
         <name>arm_rfft_q15</name>
         <value>0x34d2b</value>
         <object_component_ref idref="oc-13e"/>
      </symbol>
      <symbol id="sm-2e9">
         <name>arm_split_rifft_q15</name>
         <value>0x34a57</value>
         <object_component_ref idref="oc-1df"/>
      </symbol>
      <symbol id="sm-2fa">
         <name>arm_max_q15</name>
         <value>0x34b51</value>
         <object_component_ref idref="oc-14a"/>
      </symbol>
      <symbol id="sm-31f">
         <name>arm_cfft_sR_f32_len512</name>
         <value>0x32834</value>
         <object_component_ref idref="oc-1d0"/>
      </symbol>
      <symbol id="sm-320">
         <name>arm_cfft_sR_f32_len128</name>
         <value>0x32814</value>
         <object_component_ref idref="oc-1d0"/>
      </symbol>
      <symbol id="sm-321">
         <name>arm_cfft_sR_q31_len1024</name>
         <value>0x328d4</value>
         <object_component_ref idref="oc-1d0"/>
      </symbol>
      <symbol id="sm-322">
         <name>arm_cfft_sR_q15_len4096</name>
         <value>0x32984</value>
         <object_component_ref idref="oc-1d0"/>
      </symbol>
      <symbol id="sm-323">
         <name>arm_cfft_sR_q31_len2048</name>
         <value>0x328e4</value>
         <object_component_ref idref="oc-1d0"/>
      </symbol>
      <symbol id="sm-324">
         <name>arm_cfft_sR_q15_len512</name>
         <value>0x32954</value>
         <object_component_ref idref="oc-1d0"/>
      </symbol>
      <symbol id="sm-325">
         <name>arm_cfft_sR_f32_len256</name>
         <value>0x32824</value>
         <object_component_ref idref="oc-1d0"/>
      </symbol>
      <symbol id="sm-326">
         <name>arm_cfft_sR_q15_len128</name>
         <value>0x32934</value>
         <object_component_ref idref="oc-1d0"/>
      </symbol>
      <symbol id="sm-327">
         <name>arm_cfft_sR_q31_len64</name>
         <value>0x32894</value>
         <object_component_ref idref="oc-1d0"/>
      </symbol>
      <symbol id="sm-328">
         <name>arm_cfft_sR_q31_len4096</name>
         <value>0x328f4</value>
         <object_component_ref idref="oc-1d0"/>
      </symbol>
      <symbol id="sm-329">
         <name>arm_cfft_sR_q31_len16</name>
         <value>0x32874</value>
         <object_component_ref idref="oc-1d0"/>
      </symbol>
      <symbol id="sm-32a">
         <name>arm_cfft_sR_f32_len64</name>
         <value>0x32804</value>
         <object_component_ref idref="oc-1d0"/>
      </symbol>
      <symbol id="sm-32b">
         <name>arm_cfft_sR_q31_len32</name>
         <value>0x32884</value>
         <object_component_ref idref="oc-1d0"/>
      </symbol>
      <symbol id="sm-32c">
         <name>arm_cfft_sR_f32_len16</name>
         <value>0x327e4</value>
         <object_component_ref idref="oc-1d0"/>
      </symbol>
      <symbol id="sm-32d">
         <name>arm_cfft_sR_q15_len64</name>
         <value>0x32924</value>
         <object_component_ref idref="oc-1d0"/>
      </symbol>
      <symbol id="sm-32e">
         <name>arm_cfft_sR_q15_len256</name>
         <value>0x32944</value>
         <object_component_ref idref="oc-1d0"/>
      </symbol>
      <symbol id="sm-32f">
         <name>arm_cfft_sR_f32_len32</name>
         <value>0x327f4</value>
         <object_component_ref idref="oc-1d0"/>
      </symbol>
      <symbol id="sm-330">
         <name>arm_cfft_sR_q15_len16</name>
         <value>0x32904</value>
         <object_component_ref idref="oc-1d0"/>
      </symbol>
      <symbol id="sm-331">
         <name>arm_cfft_sR_f32_len4096</name>
         <value>0x32864</value>
         <object_component_ref idref="oc-1d0"/>
      </symbol>
      <symbol id="sm-332">
         <name>arm_cfft_sR_q31_len512</name>
         <value>0x328c4</value>
         <object_component_ref idref="oc-1d0"/>
      </symbol>
      <symbol id="sm-333">
         <name>arm_cfft_sR_q31_len128</name>
         <value>0x328a4</value>
         <object_component_ref idref="oc-1d0"/>
      </symbol>
      <symbol id="sm-334">
         <name>arm_cfft_sR_q15_len32</name>
         <value>0x32914</value>
         <object_component_ref idref="oc-1d0"/>
      </symbol>
      <symbol id="sm-335">
         <name>arm_cfft_sR_f32_len1024</name>
         <value>0x32844</value>
         <object_component_ref idref="oc-1d0"/>
      </symbol>
      <symbol id="sm-336">
         <name>arm_cfft_sR_q15_len1024</name>
         <value>0x32964</value>
         <object_component_ref idref="oc-1d0"/>
      </symbol>
      <symbol id="sm-337">
         <name>arm_cfft_sR_q15_len2048</name>
         <value>0x32974</value>
         <object_component_ref idref="oc-1d0"/>
      </symbol>
      <symbol id="sm-338">
         <name>arm_cfft_sR_f32_len2048</name>
         <value>0x32854</value>
         <object_component_ref idref="oc-1d0"/>
      </symbol>
      <symbol id="sm-339">
         <name>arm_cfft_sR_q31_len256</name>
         <value>0x328b4</value>
         <object_component_ref idref="oc-1d0"/>
      </symbol>
      <symbol id="sm-367">
         <name>arm_cfft_q15</name>
         <value>0x34525</value>
         <object_component_ref idref="oc-1e5"/>
      </symbol>
      <symbol id="sm-368">
         <name>arm_cfft_radix4by2_q15</name>
         <value>0x34891</value>
         <object_component_ref idref="oc-2d3"/>
      </symbol>
      <symbol id="sm-369">
         <name>arm_cfft_radix4by2_inverse_q15</name>
         <value>0x347ed</value>
         <object_component_ref idref="oc-2df"/>
      </symbol>
      <symbol id="sm-38c">
         <name>arm_radix4_butterfly_inverse_q15</name>
         <value>0x334b5</value>
         <object_component_ref idref="oc-2d9"/>
      </symbol>
      <symbol id="sm-38d">
         <name>arm_radix4_butterfly_q15</name>
         <value>0x337f1</value>
         <object_component_ref idref="oc-2cd"/>
      </symbol>
      <symbol id="sm-4a0">
         <name>armBitRevIndexTable1024</name>
         <value>0x2cd84</value>
         <object_component_ref idref="oc-267"/>
      </symbol>
      <symbol id="sm-4a1">
         <name>armBitRevIndexTable2048</name>
         <value>0x26044</value>
         <object_component_ref idref="oc-26d"/>
      </symbol>
      <symbol id="sm-4a2">
         <name>twiddleCoef_16_q31</name>
         <value>0x33354</value>
         <object_component_ref idref="oc-276"/>
      </symbol>
      <symbol id="sm-4a3">
         <name>armBitRevIndexTable_fixed_256</name>
         <value>0x32604</value>
         <object_component_ref idref="oc-291"/>
      </symbol>
      <symbol id="sm-4a4">
         <name>twiddleCoef_2048</name>
         <value>0x16144</value>
         <object_component_ref idref="oc-26a"/>
      </symbol>
      <symbol id="sm-4a5">
         <name>twiddleCoef_128_q15</name>
         <value>0x32b34</value>
         <object_component_ref idref="oc-2b5"/>
      </symbol>
      <symbol id="sm-4a6">
         <name>twiddleCoef_16_q15</name>
         <value>0x33444</value>
         <object_component_ref idref="oc-2ac"/>
      </symbol>
      <symbol id="sm-4a7">
         <name>twiddleCoef_128_q31</name>
         <value>0x31e04</value>
         <object_component_ref idref="oc-288"/>
      </symbol>
      <symbol id="sm-4a8">
         <name>twiddleCoef_2048_q15</name>
         <value>0x29604</value>
         <object_component_ref idref="oc-2c1"/>
      </symbol>
      <symbol id="sm-4a9">
         <name>armBitRevIndexTable_fixed_16</name>
         <value>0x3349c</value>
         <object_component_ref idref="oc-279"/>
      </symbol>
      <symbol id="sm-4aa">
         <name>twiddleCoef_2048_q31</name>
         <value>0x1a144</value>
         <object_component_ref idref="oc-2a0"/>
      </symbol>
      <symbol id="sm-4ab">
         <name>armBitRevIndexTable_fixed_32</name>
         <value>0x33414</value>
         <object_component_ref idref="oc-27f"/>
      </symbol>
      <symbol id="sm-4ac">
         <name>twiddleCoef_256</name>
         <value>0x2f394</value>
         <object_component_ref idref="oc-258"/>
      </symbol>
      <symbol id="sm-4ad">
         <name>twiddleCoef_64_q31</name>
         <value>0x32cb4</value>
         <object_component_ref idref="oc-282"/>
      </symbol>
      <symbol id="sm-4ae">
         <name>armBitRevIndexTable_fixed_1024</name>
         <value>0x2fb94</value>
         <object_component_ref idref="oc-29d"/>
      </symbol>
      <symbol id="sm-4af">
         <name>armBitRevIndexTable_fixed_4096</name>
         <value>0x240c4</value>
         <object_component_ref idref="oc-2a9"/>
      </symbol>
      <symbol id="sm-4b0">
         <name>twiddleCoef_64_q15</name>
         <value>0x330d4</value>
         <object_component_ref idref="oc-2b2"/>
      </symbol>
      <symbol id="sm-4b1">
         <name>armBitRevIndexTable4096</name>
         <value>0x22144</value>
         <object_component_ref idref="oc-273"/>
      </symbol>
      <symbol id="sm-4b2">
         <name>twiddleCoef_32</name>
         <value>0x32e34</value>
         <object_component_ref idref="oc-246"/>
      </symbol>
      <symbol id="sm-4b3">
         <name>armBitRevIndexTable_fixed_64</name>
         <value>0x33284</value>
         <object_component_ref idref="oc-285"/>
      </symbol>
      <symbol id="sm-4b4">
         <name>armBitRevIndexTable_fixed_128</name>
         <value>0x32f34</value>
         <object_component_ref idref="oc-28b"/>
      </symbol>
      <symbol id="sm-4b5">
         <name>twiddleCoef_16</name>
         <value>0x33194</value>
         <object_component_ref idref="oc-240"/>
      </symbol>
      <symbol id="sm-4b6">
         <name>twiddleCoef_4096_q15</name>
         <value>0x1d144</value>
         <object_component_ref idref="oc-2c4"/>
      </symbol>
      <symbol id="sm-4b7">
         <name>twiddleCoef_1024</name>
         <value>0x20144</value>
         <object_component_ref idref="oc-264"/>
      </symbol>
      <symbol id="sm-4b8">
         <name>armBitRevIndexTable_fixed_512</name>
         <value>0x31354</value>
         <object_component_ref idref="oc-297"/>
      </symbol>
      <symbol id="sm-4b9">
         <name>twiddleCoef_128</name>
         <value>0x30f54</value>
         <object_component_ref idref="oc-252"/>
      </symbol>
      <symbol id="sm-4ba">
         <name>twiddleCoef_4096_q31</name>
         <value>0x8144</value>
         <object_component_ref idref="oc-2a6"/>
      </symbol>
      <symbol id="sm-4bb">
         <name>twiddleCoef_32_q31</name>
         <value>0x33014</value>
         <object_component_ref idref="oc-27c"/>
      </symbol>
      <symbol id="sm-4bc">
         <name>twiddleCoef_64</name>
         <value>0x32404</value>
         <object_component_ref idref="oc-24c"/>
      </symbol>
      <symbol id="sm-4bd">
         <name>armBitRevIndexTable128</name>
         <value>0x32994</value>
         <object_component_ref idref="oc-255"/>
      </symbol>
      <symbol id="sm-4be">
         <name>twiddleCoef_4096</name>
         <value>0x144</value>
         <object_component_ref idref="oc-270"/>
      </symbol>
      <symbol id="sm-4bf">
         <name>twiddleCoef_32_q15</name>
         <value>0x333b4</value>
         <object_component_ref idref="oc-2af"/>
      </symbol>
      <symbol id="sm-4c0">
         <name>twiddleCoef_512</name>
         <value>0x2ae04</value>
         <object_component_ref idref="oc-25e"/>
      </symbol>
      <symbol id="sm-4c1">
         <name>armBitRevIndexTable512</name>
         <value>0x31714</value>
         <object_component_ref idref="oc-261"/>
      </symbol>
      <symbol id="sm-4c2">
         <name>armBitRevIndexTable16</name>
         <value>0x33474</value>
         <object_component_ref idref="oc-243"/>
      </symbol>
      <symbol id="sm-4c3">
         <name>armBitRevIndexTable32</name>
         <value>0x332f4</value>
         <object_component_ref idref="oc-249"/>
      </symbol>
      <symbol id="sm-4c4">
         <name>twiddleCoef_256_q15</name>
         <value>0x32104</value>
         <object_component_ref idref="oc-2b8"/>
      </symbol>
      <symbol id="sm-4c5">
         <name>twiddleCoef_256_q31</name>
         <value>0x30354</value>
         <object_component_ref idref="oc-28e"/>
      </symbol>
      <symbol id="sm-4c6">
         <name>twiddleCoef_1024_q15</name>
         <value>0x2db94</value>
         <object_component_ref idref="oc-2be"/>
      </symbol>
      <symbol id="sm-4c7">
         <name>armBitRevIndexTable64</name>
         <value>0x33214</value>
         <object_component_ref idref="oc-24f"/>
      </symbol>
      <symbol id="sm-4c8">
         <name>twiddleCoef_1024_q31</name>
         <value>0x27e04</value>
         <object_component_ref idref="oc-29a"/>
      </symbol>
      <symbol id="sm-4c9">
         <name>armBitRevIndexTable_fixed_2048</name>
         <value>0x2be04</value>
         <object_component_ref idref="oc-2a3"/>
      </symbol>
      <symbol id="sm-4ca">
         <name>armBitRevIndexTable256</name>
         <value>0x31a94</value>
         <object_component_ref idref="oc-25b"/>
      </symbol>
      <symbol id="sm-4cb">
         <name>twiddleCoef_512_q15</name>
         <value>0x30954</value>
         <object_component_ref idref="oc-2bb"/>
      </symbol>
      <symbol id="sm-4cc">
         <name>twiddleCoef_512_q31</name>
         <value>0x2e794</value>
         <object_component_ref idref="oc-294"/>
      </symbol>
      <symbol id="sm-4d8">
         <name>arm_bitreversal_32</name>
         <value>0x34465</value>
         <object_component_ref idref="oc-2e5"/>
      </symbol>
      <symbol id="sm-4d9">
         <name>arm_bitreversal_16</name>
         <value>0x344cf</value>
         <object_component_ref idref="oc-2e5"/>
      </symbol>
      <symbol id="sm-4e9">
         <name>sqrtf</name>
         <value>0x3504d</value>
         <object_component_ref idref="oc-144"/>
      </symbol>
      <symbol id="sm-4fd">
         <name>cosf</name>
         <value>0x345e1</value>
         <object_component_ref idref="oc-128"/>
      </symbol>
      <symbol id="sm-514">
         <name>__aeabi_dsub</name>
         <value>0x33b2d</value>
         <object_component_ref idref="oc-133"/>
      </symbol>
      <symbol id="sm-515">
         <name>__aeabi_dadd</name>
         <value>0x33b37</value>
         <object_component_ref idref="oc-133"/>
      </symbol>
      <symbol id="sm-520">
         <name>__aeabi_dmul</name>
         <value>0x34003</value>
         <object_component_ref idref="oc-8c"/>
      </symbol>
      <symbol id="sm-52c">
         <name>__aeabi_d2f</name>
         <value>0x34cbd</value>
         <object_component_ref idref="oc-91"/>
      </symbol>
      <symbol id="sm-537">
         <name>__aeabi_f2d</name>
         <value>0x34f6d</value>
         <object_component_ref idref="oc-12e"/>
      </symbol>
      <symbol id="sm-541">
         <name>__aeabi_ui2d</name>
         <value>0x350e1</value>
         <object_component_ref idref="oc-87"/>
      </symbol>
      <symbol id="sm-558">
         <name>__TI_zero_init</name>
         <value>0x35171</value>
         <object_component_ref idref="oc-63"/>
      </symbol>
      <symbol id="sm-56f">
         <name>__TI_decompress_none</name>
         <value>0x35155</value>
         <object_component_ref idref="oc-19"/>
      </symbol>
      <symbol id="sm-592">
         <name>__TI_decompress_lzss</name>
         <value>0x34d97</value>
         <object_component_ref idref="oc-13"/>
      </symbol>
      <symbol id="sm-5a5">
         <name>__stack</name>
         <value>0x2000fe00</value>
         <object_component_ref idref="oc-22"/>
      </symbol>
      <symbol id="sm-5a6">
         <name>_c_int00_noargs</name>
         <value>0x34f35</value>
         <object_component_ref idref="oc-6f"/>
      </symbol>
      <symbol id="sm-5bc">
         <name>__aeabi_errno_addr</name>
         <value>0x35195</value>
         <object_component_ref idref="oc-1f3"/>
      </symbol>
      <symbol id="sm-5bd">
         <name>errno</name>
         <value>0x20001c50</value>
         <object_component_ref idref="oc-2ef"/>
      </symbol>
      <symbol id="sm-5c8">
         <name>C$$EXIT</name>
         <value>0x351a5</value>
         <object_component_ref idref="oc-156"/>
      </symbol>
      <symbol id="sm-5c9">
         <name>abort</name>
         <value>0x351a5</value>
         <object_component_ref idref="oc-156"/>
      </symbol>
      <symbol id="sm-5e6">
         <name>memcpy</name>
         <value>0x34935</value>
         <object_component_ref idref="oc-51"/>
      </symbol>
      <symbol id="sm-5e7">
         <name>__aeabi_memcpy</name>
         <value>0x34935</value>
         <object_component_ref idref="oc-51"/>
      </symbol>
      <symbol id="sm-5e8">
         <name>__aeabi_memcpy8</name>
         <value>0x34935</value>
         <object_component_ref idref="oc-51"/>
      </symbol>
      <symbol id="sm-5e9">
         <name>__aeabi_memcpy4</name>
         <value>0x34935</value>
         <object_component_ref idref="oc-51"/>
      </symbol>
      <symbol id="sm-5f8">
         <name>__aeabi_memset</name>
         <value>0x34bcd</value>
         <object_component_ref idref="oc-cb"/>
      </symbol>
      <symbol id="sm-5f9">
         <name>memset</name>
         <value>0x34bd3</value>
         <object_component_ref idref="oc-cb"/>
      </symbol>
      <symbol id="sm-5fa">
         <name>__aeabi_memset8</name>
         <value>0x34bcd</value>
         <object_component_ref idref="oc-cb"/>
      </symbol>
      <symbol id="sm-5fb">
         <name>__aeabi_memset4</name>
         <value>0x34bcd</value>
         <object_component_ref idref="oc-cb"/>
      </symbol>
      <symbol id="sm-5fc">
         <name>__aeabi_memclr8</name>
         <value>0x34bcb</value>
         <object_component_ref idref="oc-cb"/>
      </symbol>
      <symbol id="sm-5fd">
         <name>__aeabi_memclr4</name>
         <value>0x34bcb</value>
         <object_component_ref idref="oc-cb"/>
      </symbol>
      <symbol id="sm-5fe">
         <name>__aeabi_memclr</name>
         <value>0x34bcb</value>
         <object_component_ref idref="oc-cb"/>
      </symbol>
      <symbol id="sm-626">
         <name>__TI_auto_init_nobinit_nopinit</name>
         <value>0x34ef1</value>
         <object_component_ref idref="oc-162"/>
      </symbol>
      <symbol id="sm-630">
         <name>_system_pre_init</name>
         <value>0x351a1</value>
         <object_component_ref idref="oc-d1"/>
      </symbol>
      <symbol id="sm-632">
         <name>__TI_static_base__</name>
         <value>0x0</value>
      </symbol>
      <symbol id="sm-635">
         <name>__mpu_init</name>
         <value>0x0</value>
      </symbol>
      <symbol id="sm-636">
         <name>_system_post_cinit</name>
         <value>0x0</value>
      </symbol>
   </symbol_table>
   <title>Link successful</title>
</link_info>
